[    0.000000] Linux version 6.17.0-20-generic (buildd@lcy02-amd64-120) (x86_64-linux-gnu-gcc-13 (Ubuntu 13.3.0-6ubuntu2~24.04.1) 13.3.0, GNU ld (GNU Binutils for Ubuntu) 2.42) #20~24.04.1-Ubuntu SMP PREEMPT_DYNAMIC Thu Mar 19 01:28:37 UTC 2 (Ubuntu 6.17.0-20.20~24.04.1-generic 6.17.13)
[    0.000000] Command line: BOOT_IMAGE=/vmlinuz-6.17.0-20-generic root=UUID=78c30682-53e7-4e5e-abe9-5668fac78f99 ro rd.auto=1 rd.md=1 rd.md.conf=1 mitigations=off spectre_v2=off spec_store_bypass_disable=off l1tf=off mds=off tsx_async_abort=off srbds=off mmio_stale_data=off retbleed=off amd_iommu=off iommu=off
[    0.000000] KERNEL supported cpus:
[    0.000000]   Intel GenuineIntel
[    0.000000]   AMD AuthenticAMD
[    0.000000]   Hygon HygonGenuine
[    0.000000]   Centaur CentaurHauls
[    0.000000]   zhaoxin   Shanghai  
[    0.000000] x86/split lock detection: #DB: warning on user-space bus_locks
[    0.000000] BIOS-provided physical RAM map:
[    0.000000] BIOS-e820: [mem 0x0000000000000000-0x000000000009ffff] usable
[    0.000000] BIOS-e820: [mem 0x00000000000a0000-0x00000000000fffff] reserved
[    0.000000] BIOS-e820: [mem 0x0000000000100000-0x0000000075daffff] usable
[    0.000000] BIOS-e820: [mem 0x0000000075db0000-0x0000000075e70fff] ACPI NVS
[    0.000000] BIOS-e820: [mem 0x0000000075e71000-0x0000000075eaffff] usable
[    0.000000] BIOS-e820: [mem 0x0000000075eb0000-0x0000000075ffffff] reserved
[    0.000000] BIOS-e820: [mem 0x0000000076000000-0x000000008563bfff] usable
[    0.000000] BIOS-e820: [mem 0x000000008563c000-0x0000000089cc0fff] reserved
[    0.000000] BIOS-e820: [mem 0x0000000089cc1000-0x0000000089dabfff] ACPI data
[    0.000000] BIOS-e820: [mem 0x0000000089dac000-0x000000008a22cfff] ACPI NVS
[    0.000000] BIOS-e820: [mem 0x000000008a22d000-0x000000008d1fefff] reserved
[    0.000000] BIOS-e820: [mem 0x000000008d1ff000-0x000000008fff9fff] usable
[    0.000000] BIOS-e820: [mem 0x000000008fffa000-0x000000008fffefff] reserved
[    0.000000] BIOS-e820: [mem 0x000000008ffff000-0x000000008fffffff] usable
[    0.000000] BIOS-e820: [mem 0x0000000090000000-0x00000000a0000fff] reserved
[    0.000000] BIOS-e820: [mem 0x00000000a1080000-0x00000000a1080fff] reserved
[    0.000000] BIOS-e820: [mem 0x00000000a2200000-0x00000000a2200fff] reserved
[    0.000000] BIOS-e820: [mem 0x00000000a3380000-0x00000000a3380fff] reserved
[    0.000000] BIOS-e820: [mem 0x00000000a4400000-0x00000000a4400fff] reserved
[    0.000000] BIOS-e820: [mem 0x00000000a5480000-0x00000000a5480fff] reserved
[    0.000000] BIOS-e820: [mem 0x00000000a6800000-0x00000000a6800fff] reserved
[    0.000000] BIOS-e820: [mem 0x00000000a7880000-0x00000000a7880fff] reserved
[    0.000000] BIOS-e820: [mem 0x00000000a8c00000-0x00000000a8c00fff] reserved
[    0.000000] BIOS-e820: [mem 0x00000000a9c80000-0x00000000a9c80fff] reserved
[    0.000000] BIOS-e820: [mem 0x00000000aae00000-0x00000000aae00fff] reserved
[    0.000000] BIOS-e820: [mem 0x00000000abd00000-0x00000000abd00fff] reserved
[    0.000000] BIOS-e820: [mem 0x00000000b4480000-0x00000000b4480fff] reserved
[    0.000000] BIOS-e820: [mem 0x00000000b5500000-0x00000000b5500fff] reserved
[    0.000000] BIOS-e820: [mem 0x00000000b6a00000-0x00000000b6afffff] reserved
[    0.000000] BIOS-e820: [mem 0x00000000b6c00000-0x00000000b6c00fff] reserved
[    0.000000] BIOS-e820: [mem 0x00000000b7980000-0x00000000b7980fff] reserved
[    0.000000] BIOS-e820: [mem 0x00000000fea00000-0x00000000feafffff] reserved
[    0.000000] BIOS-e820: [mem 0x00000000fec00000-0x00000000fec00fff] reserved
[    0.000000] BIOS-e820: [mem 0x00000000fec10000-0x00000000fec10fff] reserved
[    0.000000] BIOS-e820: [mem 0x00000000fed00000-0x00000000fed00fff] reserved
[    0.000000] BIOS-e820: [mem 0x00000000fed40000-0x00000000fed44fff] reserved
[    0.000000] BIOS-e820: [mem 0x00000000fed80000-0x00000000fed8ffff] reserved
[    0.000000] BIOS-e820: [mem 0x00000000fedc0000-0x00000000fedc0fff] reserved
[    0.000000] BIOS-e820: [mem 0x00000000fedc2000-0x00000000fedc8fff] reserved
[    0.000000] BIOS-e820: [mem 0x00000000fee00000-0x00000000feefffff] reserved
[    0.000000] BIOS-e820: [mem 0x00000000ff000000-0x000000010000ffff] reserved
[    0.000000] BIOS-e820: [mem 0x0000000100010000-0x000000fc5fffffff] usable
[    0.000000] BIOS-e820: [mem 0x000000fc60000000-0x000000ffffffffff] reserved
[    0.000000] BIOS-e820: [mem 0x0000010000000000-0x00000183fbffffff] usable
[    0.000000] BIOS-e820: [mem 0x00000183fc000000-0x00000183fc7fffff] reserved
[    0.000000] BIOS-e820: [mem 0x00000183fc800000-0x00000183fccbffff] usable
[    0.000000] BIOS-e820: [mem 0x00000183fccc0000-0x00000183ffffffff] reserved
[    0.000000] BIOS-e820: [mem 0x00003ffb00000000-0x00003ffb0fffffff] reserved
[    0.000000] NX (Execute Disable) protection: active
[    0.000000] APIC: Static calls initialized
[    0.000000] efi: EFI v2.9 by American Megatrends
[    0.000000] efi: ACPI=0x89dab000 ACPI 2.0=0x89dab014 SMBIOS=0x8c7c5000 SMBIOS 3.0=0x8c7c4000 MEMATTR=0x8006b018 ESRT=0x834f6998 MOKvar=0x8c78a000 INITRD=0x7ec94a18 
[    0.000000] efi: Not removing mem111: MMIO range=[0xa0000000-0xa0000fff] (4KB) from e820 map
[    0.000000] efi: Not removing mem112: MMIO range=[0xa1080000-0xa1080fff] (4KB) from e820 map
[    0.000000] efi: Not removing mem113: MMIO range=[0xa2200000-0xa2200fff] (4KB) from e820 map
[    0.000000] efi: Not removing mem114: MMIO range=[0xa3380000-0xa3380fff] (4KB) from e820 map
[    0.000000] efi: Not removing mem115: MMIO range=[0xa4400000-0xa4400fff] (4KB) from e820 map
[    0.000000] efi: Not removing mem116: MMIO range=[0xa5480000-0xa5480fff] (4KB) from e820 map
[    0.000000] efi: Not removing mem117: MMIO range=[0xa6800000-0xa6800fff] (4KB) from e820 map
[    0.000000] efi: Not removing mem118: MMIO range=[0xa7880000-0xa7880fff] (4KB) from e820 map
[    0.000000] efi: Not removing mem119: MMIO range=[0xa8c00000-0xa8c00fff] (4KB) from e820 map
[    0.000000] efi: Not removing mem120: MMIO range=[0xa9c80000-0xa9c80fff] (4KB) from e820 map
[    0.000000] efi: Not removing mem121: MMIO range=[0xaae00000-0xaae00fff] (4KB) from e820 map
[    0.000000] efi: Not removing mem122: MMIO range=[0xabd00000-0xabd00fff] (4KB) from e820 map
[    0.000000] efi: Not removing mem123: MMIO range=[0xb4480000-0xb4480fff] (4KB) from e820 map
[    0.000000] efi: Not removing mem124: MMIO range=[0xb5500000-0xb5500fff] (4KB) from e820 map
[    0.000000] efi: Remove mem125: MMIO range=[0xb6a00000-0xb6afffff] (1MB) from e820 map
[    0.000000] e820: remove [mem 0xb6a00000-0xb6afffff] reserved
[    0.000000] efi: Not removing mem126: MMIO range=[0xb6c00000-0xb6c00fff] (4KB) from e820 map
[    0.000000] efi: Not removing mem127: MMIO range=[0xb7980000-0xb7980fff] (4KB) from e820 map
[    0.000000] efi: Remove mem128: MMIO range=[0xfea00000-0xfeafffff] (1MB) from e820 map
[    0.000000] e820: remove [mem 0xfea00000-0xfeafffff] reserved
[    0.000000] efi: Not removing mem129: MMIO range=[0xfec00000-0xfec00fff] (4KB) from e820 map
[    0.000000] efi: Not removing mem130: MMIO range=[0xfec10000-0xfec10fff] (4KB) from e820 map
[    0.000000] efi: Not removing mem131: MMIO range=[0xfed00000-0xfed00fff] (4KB) from e820 map
[    0.000000] efi: Not removing mem132: MMIO range=[0xfed40000-0xfed44fff] (20KB) from e820 map
[    0.000000] efi: Not removing mem133: MMIO range=[0xfed80000-0xfed8ffff] (64KB) from e820 map
[    0.000000] efi: Not removing mem134: MMIO range=[0xfedc0000-0xfedc0fff] (4KB) from e820 map
[    0.000000] efi: Not removing mem135: MMIO range=[0xfedc2000-0xfedc8fff] (28KB) from e820 map
[    0.000000] efi: Remove mem136: MMIO range=[0xfee00000-0xfeefffff] (1MB) from e820 map
[    0.000000] e820: remove [mem 0xfee00000-0xfeefffff] reserved
[    0.000000] efi: Remove mem137: MMIO range=[0xff000000-0xffffffff] (16MB) from e820 map
[    0.000000] e820: remove [mem 0xff000000-0xffffffff] reserved
[    0.000000] efi: Remove mem144: MMIO range=[0x3ffb00000000-0x3ffb0fffffff] (256MB) from e820 map
[    0.000000] e820: remove [mem 0x3ffb00000000-0x3ffb0fffffff] reserved
[    0.000000] SMBIOS 3.5.0 present.
[    0.000000] DMI: ASUSTeK COMPUTER INC. ESC8000A-E13P/K15PG-D24 Series, BIOS 1104 10/23/2025
[    0.000000] DMI: Memory slots populated: 24/24
[    0.000000] secureboot: Secure boot disabled
[    0.000000] tsc: Fast TSC calibration using PIT
[    0.000000] tsc: Detected 3294.905 MHz processor
[    0.001159] e820: update [mem 0x00000000-0x00000fff] usable ==> reserved
[    0.001160] e820: remove [mem 0x000a0000-0x000fffff] usable
[    0.001170] last_pfn = 0x183fccc0 max_arch_pfn = 0x10000000000
[    0.001175] MTRR map: 5 entries (3 fixed + 2 variable; max 20), built from 9 variable MTRRs
[    0.001177] x86/PAT: Configuration [0-7]: WB  WC  UC- UC  WB  WP  UC- WT  
[    0.001368] e820: update [mem 0xa0000000-0xffffffff] usable ==> reserved
[    0.001375] x2apic: enabled by BIOS, switching to x2apic ops
[    0.001377] last_pfn = 0x90000 max_arch_pfn = 0x10000000000
[    0.004061] esrt: Reserving ESRT space from 0x00000000834f6998 to 0x00000000834f69f8.
[    0.004067] e820: update [mem 0x834f6000-0x834f6fff] usable ==> reserved
[    0.004086] Using GB pages for direct mapping
[    0.004576] secureboot: Secure boot disabled
[    0.004576] RAMDISK: [mem 0x771a8000-0x7bd6cfff]
[    0.004851] ACPI: Early table checksum verification disabled
[    0.004854] ACPI: RSDP 0x0000000089DAB014 000024 (v02 AMD   )
[    0.004857] ACPI: XSDT 0x0000000089DAA728 0000EC (v01 AMD    Volcano  03042021 AMI  01000013)
[    0.004861] ACPI: FACP 0x0000000089DA5000 000114 (v06 AMD    Volcano  03042021 AMI  00010013)
[    0.004865] ACPI: DSDT 0x0000000089D60000 044528 (v02 AMD    Volcano  03042021 INTL 20230331)
[    0.004867] ACPI: FACS 0x000000008A208000 000040
[    0.004868] ACPI: SSDT 0x0000000089DA9000 00015E (v02 AMD    MPDMA    00000001 INTL 20230331)
[    0.004870] ACPI: SPMI 0x0000000089DA8000 000041 (v05 AMD    Volcano  00000000 AMI. 00000000)
[    0.004871] ACPI: SSDT 0x0000000089DA7000 0001BC (v02 AMD    SMU-HSMP 00000001 INTL 20230331)
[    0.004872] ACPI: SSDT 0x0000000089DA6000 000067 (v02 AMD    CPMDSM   00000001 INTL 20230331)
[    0.004873] ACPI: FIDT 0x0000000089D5F000 00009C (v01 AMD    Volcano  03042021 AMI  00010013)
[    0.004874] ACPI: MCFG 0x0000000089D5D000 00003C (v01 AMD    Volcano  03042021 MSFT 00010013)
[    0.004876] ACPI: SSDT 0x0000000089D5B000 001E2D (v02 AMD    CPUSSDT  03042021 AMI  03042021)
[    0.004877] ACPI: HPET 0x0000000089D5A000 000038 (v01 AMD    Volcano  03042021 AMI  00000005)
[    0.004878] ACPI: SSDT 0x0000000089D57000 00258D (v02 AMD    CPMRAS   00000001 INTL 20230331)
[    0.004879] ACPI: BERT 0x0000000089D56000 000030 (v01 AMD    AmdTable 00000001 AMD  00000001)
[    0.004880] ACPI: HEST 0x0000000089D55000 000A14 (v01 AMD    AmdTable 00000001 AMD  00000001)
[    0.004881] ACPI: PHAT 0x0000000089D54000 00010B (v01 AMD    AMD PHAT 00000000 AMD  00000001)
[    0.004882] ACPI: FPDT 0x0000000089D53000 000034 (v01 AMD    A M I    01072009 AMI  01000013)
[    0.004883] ACPI: PRMT 0x0000000089D52000 00003C (v01 AMD    Volcano  01072009 AMI  01000013)
[    0.004884] ACPI: IVRS 0x0000000089D51000 000794 (v02 AMD    AmdTable 00000001 AMD  00000001)
[    0.004886] ACPI: ASPT 0x0000000089D50000 000070 (v02 AMD    AmdTable 00000001 AMD  00000001)
[    0.004887] ACPI: SSDT 0x0000000089D12000 03D22E (v02 AMD    AMD CPU  00000001 AMD  00000001)
[    0.004888] ACPI: SRAT 0x0000000089D10000 0018F8 (v03 AMD    AMD SRAT 00000001 AMD  00000001)
[    0.004889] ACPI: MSCT 0x0000000089D0F000 00004E (v01 AMD    AmdTable 00000000 AMD  00000001)
[    0.004890] ACPI: SLIT 0x0000000089D0E000 000030 (v01 AMD    AMD SLIT 00000001 AMD  00000001)
[    0.004891] ACPI: HMAT 0x0000000089D0D000 0000E8 (v02 AMD    AmdTable 00000001 AMD  00000001)
[    0.004892] ACPI: SSDT 0x0000000089D0B000 00193C (v02 AMD    CPMCMN   00000001 INTL 20230331)
[    0.004893] ACPI: APIC 0x0000000089D07000 003118 (v06 AMD    Volcano  03042021 AMI  00010013)
[    0.004895] ACPI: ERST 0x0000000089D06000 000230 (v01 AMIER  AMI.ERST 00000000 AMI. 00000000)
[    0.004895] ACPI: Reserving FACP table memory at [mem 0x89da5000-0x89da5113]
[    0.004896] ACPI: Reserving DSDT table memory at [mem 0x89d60000-0x89da4527]
[    0.004897] ACPI: Reserving FACS table memory at [mem 0x8a208000-0x8a20803f]
[    0.004897] ACPI: Reserving SSDT table memory at [mem 0x89da9000-0x89da915d]
[    0.004897] ACPI: Reserving SPMI table memory at [mem 0x89da8000-0x89da8040]
[    0.004897] ACPI: Reserving SSDT table memory at [mem 0x89da7000-0x89da71bb]
[    0.004898] ACPI: Reserving SSDT table memory at [mem 0x89da6000-0x89da6066]
[    0.004898] ACPI: Reserving FIDT table memory at [mem 0x89d5f000-0x89d5f09b]
[    0.004898] ACPI: Reserving MCFG table memory at [mem 0x89d5d000-0x89d5d03b]
[    0.004899] ACPI: Reserving SSDT table memory at [mem 0x89d5b000-0x89d5ce2c]
[    0.004899] ACPI: Reserving HPET table memory at [mem 0x89d5a000-0x89d5a037]
[    0.004899] ACPI: Reserving SSDT table memory at [mem 0x89d57000-0x89d5958c]
[    0.004899] ACPI: Reserving BERT table memory at [mem 0x89d56000-0x89d5602f]
[    0.004900] ACPI: Reserving HEST table memory at [mem 0x89d55000-0x89d55a13]
[    0.004900] ACPI: Reserving PHAT table memory at [mem 0x89d54000-0x89d5410a]
[    0.004900] ACPI: Reserving FPDT table memory at [mem 0x89d53000-0x89d53033]
[    0.004901] ACPI: Reserving PRMT table memory at [mem 0x89d52000-0x89d5203b]
[    0.004901] ACPI: Reserving IVRS table memory at [mem 0x89d51000-0x89d51793]
[    0.004901] ACPI: Reserving ASPT table memory at [mem 0x89d50000-0x89d5006f]
[    0.004902] ACPI: Reserving SSDT table memory at [mem 0x89d12000-0x89d4f22d]
[    0.004902] ACPI: Reserving SRAT table memory at [mem 0x89d10000-0x89d118f7]
[    0.004902] ACPI: Reserving MSCT table memory at [mem 0x89d0f000-0x89d0f04d]
[    0.004903] ACPI: Reserving SLIT table memory at [mem 0x89d0e000-0x89d0e02f]
[    0.004903] ACPI: Reserving HMAT table memory at [mem 0x89d0d000-0x89d0d0e7]
[    0.004903] ACPI: Reserving SSDT table memory at [mem 0x89d0b000-0x89d0c93b]
[    0.004903] ACPI: Reserving APIC table memory at [mem 0x89d07000-0x89d0a117]
[    0.004904] ACPI: Reserving ERST table memory at [mem 0x89d06000-0x89d0622f]
[    0.004963] APIC: Switched APIC routing to: cluster x2apic
[    0.004985] ACPI: SRAT: Node 0 PXM 0 [mem 0x00000000-0x0009ffff]
[    0.004986] ACPI: SRAT: Node 0 PXM 0 [mem 0x000c0000-0x9fffffff]
[    0.004987] ACPI: SRAT: Node 0 PXM 0 [mem 0x100000000-0xc05fffffff]
[    0.004987] ACPI: SRAT: Node 1 PXM 1 [mem 0xc060000000-0xfc5fffffff]
[    0.004988] ACPI: SRAT: Node 1 PXM 1 [mem 0x10000000000-0x183ffffffff]
[    0.004992] NUMA: Node 0 [mem 0x00001000-0x0009ffff] + [mem 0x000c0000-0x9fffffff] -> [mem 0x00001000-0x9fffffff]
[    0.004993] NUMA: Node 0 [mem 0x00001000-0x9fffffff] + [mem 0x100000000-0xc05fffffff] -> [mem 0x00001000-0xc05fffffff]
[    0.004994] NUMA: Node 1 [mem 0xc060000000-0xfc5fffffff] + [mem 0x10000000000-0x183fccbffff] -> [mem 0xc060000000-0x183fccbffff]
[    0.004998] NODE_DATA(0) allocated [mem 0xc05ffd52c0-0xc05fffffff]
[    0.005004] NODE_DATA(1) allocated [mem 0x183fcc942c0-0x183fccbefff]
[    0.005783] Zone ranges:
[    0.005784]   DMA      [mem 0x0000000000001000-0x0000000000ffffff]
[    0.005785]   DMA32    [mem 0x0000000001000000-0x00000000ffffffff]
[    0.005786]   Normal   [mem 0x0000000100000000-0x00000183fccbffff]
[    0.005786]   Device   empty
[    0.005787] Movable zone start for each node
[    0.005787] Early memory node ranges
[    0.005787]   node   0: [mem 0x0000000000001000-0x000000000009ffff]
[    0.005788]   node   0: [mem 0x0000000000100000-0x0000000075daffff]
[    0.005789]   node   0: [mem 0x0000000075e71000-0x0000000075eaffff]
[    0.005789]   node   0: [mem 0x0000000076000000-0x000000008563bfff]
[    0.005789]   node   0: [mem 0x000000008d1ff000-0x000000008fff9fff]
[    0.005790]   node   0: [mem 0x000000008ffff000-0x000000008fffffff]
[    0.005790]   node   0: [mem 0x0000000100010000-0x000000c05fffffff]
[    0.005813]   node   1: [mem 0x000000c060000000-0x000000fc5fffffff]
[    0.005821]   node   1: [mem 0x0000010000000000-0x00000183fbffffff]
[    0.005838]   node   1: [mem 0x00000183fc800000-0x00000183fccbffff]
[    0.005839] Initmem setup node 0 [mem 0x0000000000001000-0x000000c05fffffff]
[    0.005841] Initmem setup node 1 [mem 0x000000c060000000-0x00000183fccbffff]
[    0.005844] On node 0, zone DMA: 1 pages in unavailable ranges
[    0.005851] On node 0, zone DMA: 96 pages in unavailable ranges
[    0.006469] On node 0, zone DMA32: 193 pages in unavailable ranges
[    0.006561] On node 0, zone DMA32: 336 pages in unavailable ranges
[    0.006630] On node 0, zone DMA32: 31683 pages in unavailable ranges
[    0.006631] On node 0, zone DMA32: 5 pages in unavailable ranges
[    0.309192] On node 0, zone Normal: 16 pages in unavailable ranges
[    0.755098] On node 1, zone Normal: 2048 pages in unavailable ranges
[    0.755132] On node 1, zone Normal: 13120 pages in unavailable ranges
[    0.756208] ACPI: PM-Timer IO Port: 0x808
[    0.756245] ACPI: X2APIC_NMI (uid[0xffffffff] high edge lint[0x1])
[    0.756258] IOAPIC[0]: apic_id 128, version 33, address 0xfec00000, GSI 0-23
[    0.756261] IOAPIC[1]: apic_id 240, version 33, address 0xb6c00000, GSI 24-55
[    0.756264] IOAPIC[2]: apic_id 241, version 33, address 0xb4480000, GSI 56-87
[    0.756267] IOAPIC[3]: apic_id 242, version 33, address 0xb7980000, GSI 88-119
[    0.756270] IOAPIC[4]: apic_id 243, version 33, address 0xa9c80000, GSI 120-151
[    0.756273] IOAPIC[5]: apic_id 244, version 33, address 0xabd00000, GSI 152-183
[    0.756276] IOAPIC[6]: apic_id 245, version 33, address 0xb5500000, GSI 184-215
[    0.756279] IOAPIC[7]: apic_id 246, version 33, address 0xa8c00000, GSI 216-247
[    0.756281] IOAPIC[8]: apic_id 247, version 33, address 0xaae00000, GSI 248-279
[    0.756285] IOAPIC[9]: apic_id 248, version 33, address 0xa7880000, GSI 280-311
[    0.756288] IOAPIC[10]: apic_id 249, version 33, address 0xa5480000, GSI 312-343
[    0.756292] IOAPIC[11]: apic_id 250, version 33, address 0xa3380000, GSI 344-375
[    0.756296] IOAPIC[12]: apic_id 251, version 33, address 0xa1080000, GSI 376-407
[    0.756299] IOAPIC[13]: apic_id 252, version 33, address 0xa4400000, GSI 408-439
[    0.756303] IOAPIC[14]: apic_id 253, version 33, address 0xa6800000, GSI 440-471
[    0.756307] IOAPIC[15]: apic_id 254, version 33, address 0xa0000000, GSI 472-503
[    0.756310] IOAPIC[16]: apic_id 255, version 33, address 0xa2200000, GSI 504-535
[    0.756312] ACPI: INT_SRC_OVR (bus 0 bus_irq 0 global_irq 2 dfl dfl)
[    0.756314] ACPI: INT_SRC_OVR (bus 0 bus_irq 9 global_irq 9 low level)
[    0.756318] ACPI: Using ACPI (MADT) for SMP configuration information
[    0.756319] ACPI: HPET id: 0x10228201 base: 0xfed00000
[    0.756325] CPU topo: Max. logical packages:   2
[    0.756326] CPU topo: Max. logical dies:      16
[    0.756326] CPU topo: Max. dies per package:   8
[    0.756328] CPU topo: Max. threads per core:   2
[    0.756329] CPU topo: Num. cores per package:    64
[    0.756329] CPU topo: Num. threads per package: 128
[    0.756330] CPU topo: Allowing 256 present CPUs plus 0 hotplug CPUs
[    0.756361] PM: hibernation: Registered nosave memory: [mem 0x00000000-0x00000fff]
[    0.756362] PM: hibernation: Registered nosave memory: [mem 0x000a0000-0x000fffff]
[    0.756363] PM: hibernation: Registered nosave memory: [mem 0x75db0000-0x75e70fff]
[    0.756364] PM: hibernation: Registered nosave memory: [mem 0x75eb0000-0x75ffffff]
[    0.756365] PM: hibernation: Registered nosave memory: [mem 0x834f6000-0x834f6fff]
[    0.756366] PM: hibernation: Registered nosave memory: [mem 0x8563c000-0x8d1fefff]
[    0.756366] PM: hibernation: Registered nosave memory: [mem 0x8fffa000-0x8fffefff]
[    0.756367] PM: hibernation: Registered nosave memory: [mem 0x90000000-0x10000ffff]
[    0.756368] PM: hibernation: Registered nosave memory: [mem 0xfc60000000-0xffffffffff]
[    0.756369] PM: hibernation: Registered nosave memory: [mem 0x183fc000000-0x183fc7fffff]
[    0.756370] [mem 0xb7981000-0xfebfffff] available for PCI devices
[    0.756372] Booting paravirtualized kernel on bare hardware
[    0.756374] clocksource: refined-jiffies: mask: 0xffffffff max_cycles: 0xffffffff, max_idle_ns: 1910969940391419 ns
[    0.756382] setup_percpu: NR_CPUS:8192 nr_cpumask_bits:256 nr_cpu_ids:256 nr_node_ids:2
[    0.762462] percpu: Embedded 84 pages/cpu s221184 r8192 d114688 u524288
[    0.762468] pcpu-alloc: s221184 r8192 d114688 u524288 alloc=1*2097152
[    0.762470] pcpu-alloc: [0] 000 001 002 003 [0] 004 005 006 007 
[    0.762473] pcpu-alloc: [0] 008 009 010 011 [0] 012 013 014 015 
[    0.762474] pcpu-alloc: [0] 016 017 018 019 [0] 020 021 022 023 
[    0.762476] pcpu-alloc: [0] 024 025 026 027 [0] 028 029 030 031 
[    0.762477] pcpu-alloc: [0] 032 033 034 035 [0] 036 037 038 039 
[    0.762479] pcpu-alloc: [0] 040 041 042 043 [0] 044 045 046 047 
[    0.762480] pcpu-alloc: [0] 048 049 050 051 [0] 052 053 054 055 
[    0.762482] pcpu-alloc: [0] 056 057 058 059 [0] 060 061 062 063 
[    0.762483] pcpu-alloc: [0] 128 129 130 131 [0] 132 133 134 135 
[    0.762485] pcpu-alloc: [0] 136 137 138 139 [0] 140 141 142 143 
[    0.762486] pcpu-alloc: [0] 144 145 146 147 [0] 148 149 150 151 
[    0.762487] pcpu-alloc: [0] 152 153 154 155 [0] 156 157 158 159 
[    0.762489] pcpu-alloc: [0] 160 161 162 163 [0] 164 165 166 167 
[    0.762490] pcpu-alloc: [0] 168 169 170 171 [0] 172 173 174 175 
[    0.762492] pcpu-alloc: [0] 176 177 178 179 [0] 180 181 182 183 
[    0.762493] pcpu-alloc: [0] 184 185 186 187 [0] 188 189 190 191 
[    0.762495] pcpu-alloc: [1] 064 065 066 067 [1] 068 069 070 071 
[    0.762496] pcpu-alloc: [1] 072 073 074 075 [1] 076 077 078 079 
[    0.762498] pcpu-alloc: [1] 080 081 082 083 [1] 084 085 086 087 
[    0.762499] pcpu-alloc: [1] 088 089 090 091 [1] 092 093 094 095 
[    0.762501] pcpu-alloc: [1] 096 097 098 099 [1] 100 101 102 103 
[    0.762502] pcpu-alloc: [1] 104 105 106 107 [1] 108 109 110 111 
[    0.762504] pcpu-alloc: [1] 112 113 114 115 [1] 116 117 118 119 
[    0.762505] pcpu-alloc: [1] 120 121 122 123 [1] 124 125 126 127 
[    0.762507] pcpu-alloc: [1] 192 193 194 195 [1] 196 197 198 199 
[    0.762508] pcpu-alloc: [1] 200 201 202 203 [1] 204 205 206 207 
[    0.762509] pcpu-alloc: [1] 208 209 210 211 [1] 212 213 214 215 
[    0.762511] pcpu-alloc: [1] 216 217 218 219 [1] 220 221 222 223 
[    0.762512] pcpu-alloc: [1] 224 225 226 227 [1] 228 229 230 231 
[    0.762514] pcpu-alloc: [1] 232 233 234 235 [1] 236 237 238 239 
[    0.762515] pcpu-alloc: [1] 240 241 242 243 [1] 244 245 246 247 
[    0.762517] pcpu-alloc: [1] 248 249 250 251 [1] 252 253 254 255 
[    0.762537] Kernel command line: BOOT_IMAGE=/vmlinuz-6.17.0-20-generic root=UUID=78c30682-53e7-4e5e-abe9-5668fac78f99 ro rd.auto=1 rd.md=1 rd.md.conf=1 mitigations=off spectre_v2=off spec_store_bypass_disable=off l1tf=off mds=off tsx_async_abort=off srbds=off mmio_stale_data=off retbleed=off amd_iommu=off iommu=off
[    0.762642] Unknown kernel command line parameters "spectre_v2=off spec_store_bypass_disable=off", will be passed to user space.
[    0.762659] random: crng init done
[    0.762659] printk: log_buf_len individual max cpu contribution: 4096 bytes
[    0.762660] printk: log_buf_len total cpu_extra contributions: 1044480 bytes
[    0.762661] printk: log_buf_len min size: 262144 bytes
[    0.763203] printk: log buffer data + meta data: 2097152 + 7340032 = 9437184 bytes
[    0.763204] printk: early log buf free: 240208(91%)
[    0.765520] Fallback order for Node 0: 0 1 
[    0.765522] Fallback order for Node 1: 1 0 
[    0.765539] Built 2 zonelists, mobility grouping on.  Total pages: 402540150
[    0.765540] Policy zone: Normal
[    0.765548] mem auto-init: stack:all(zero), heap alloc:on, heap free:off
[    1.968109] SLUB: HWalign=64, Order=0-3, MinObjects=0, CPUs=256, Nodes=2
[    1.978081] ftrace: allocating 61402 entries in 240 pages
[    1.978082] ftrace: allocated 240 pages with 4 groups
[    1.979007] Dynamic Preempt: voluntary
[    1.979471] rcu: Preemptible hierarchical RCU implementation.
[    1.979472] rcu: 	RCU restricting CPUs from NR_CPUS=8192 to nr_cpu_ids=256.
[    1.979472] 	Trampoline variant of Tasks RCU enabled.
[    1.979473] 	Rude variant of Tasks RCU enabled.
[    1.979473] 	Tracing variant of Tasks RCU enabled.
[    1.979473] rcu: RCU calculated value of scheduler-enlistment delay is 101 jiffies.
[    1.979474] rcu: Adjusting geometry for rcu_fanout_leaf=16, nr_cpu_ids=256
[    1.979523] RCU Tasks: Setting shift to 8 and lim to 1 rcu_task_cb_adjust=1 rcu_task_cpu_ids=256.
[    1.979528] RCU Tasks Rude: Setting shift to 8 and lim to 1 rcu_task_cb_adjust=1 rcu_task_cpu_ids=256.
[    1.979532] RCU Tasks Trace: Setting shift to 8 and lim to 1 rcu_task_cb_adjust=1 rcu_task_cpu_ids=256.
[    1.981200] NR_IRQS: 524544, nr_irqs: 11176, preallocated irqs: 16
[    1.981442] rcu: srcu_init: Setting srcu_struct sizes to big.
[    1.981606] Console: colour dummy device 80x25
[    1.981608] printk: legacy console [tty0] enabled
[    1.981884] mempolicy: Enabling automatic NUMA balancing. Configure with numa_balancing= or the kernel.numa_balancing sysctl
[    1.981887] ACPI: Core revision 20250404
[    1.982086] clocksource: hpet: mask: 0xffffffff max_cycles: 0xffffffff, max_idle_ns: 133484873504 ns
[    1.982105] APIC: Switch to symmetric I/O mode setup
[    1.982748] x2apic: IRQ remapping doesn't support X2APIC mode
[    1.982750] x2apic disabled
[    1.983345] APIC: Switched APIC routing to: physical flat
[    1.985897] ..TIMER: vector=0x30 apic1=0 pin1=2 apic2=-1 pin2=-1
[    1.990104] clocksource: tsc-early: mask: 0xffffffffffffffff max_cycles: 0x2f7e7f6d1e0, max_idle_ns: 440795247693 ns
[    1.990108] Calibrating delay loop (skipped), value calculated using timer frequency.. 6589.81 BogoMIPS (lpj=3294905)
[    1.990123] RDSEED32 is broken. Disabling the corresponding CPUID bit.
[    1.990127] x86/cpu: User Mode Instruction Prevention (UMIP) activated
[    1.990314] LVT offset 2 assigned for vector 0xf4
[    1.990366] Last level iTLB entries: 4KB 64, 2MB 64, 4MB 32
[    1.990368] Last level dTLB entries: 4KB 128, 2MB 128, 4MB 64, 1GB 0
[    1.990372] process: using mwait in idle threads
[    1.990374] mitigations: Enabled attack vectors: SMT mitigations: off
[    1.990377] Spectre V2 : off selected on command line.
[    1.990379] Speculative Store Bypass: Vulnerable
[    1.990381] Spectre V2 : Vulnerable
[    1.990382] Spectre V2 : User space: Vulnerable
[    1.990383] VMSCAPE: Vulnerable
[    1.990384] Spectre V1 : Vulnerable: __user pointer sanitization and usercopy barriers only; no swapgs barriers
[    1.990391] x86/fpu: Supporting XSAVE feature 0x001: 'x87 floating point registers'
[    1.990393] x86/fpu: Supporting XSAVE feature 0x002: 'SSE registers'
[    1.990394] x86/fpu: Supporting XSAVE feature 0x004: 'AVX registers'
[    1.990395] x86/fpu: Supporting XSAVE feature 0x020: 'AVX-512 opmask'
[    1.990396] x86/fpu: Supporting XSAVE feature 0x040: 'AVX-512 Hi256'
[    1.990397] x86/fpu: Supporting XSAVE feature 0x080: 'AVX-512 ZMM_Hi256'
[    1.990398] x86/fpu: Supporting XSAVE feature 0x200: 'Protection Keys User registers'
[    1.990400] x86/fpu: Supporting XSAVE feature 0x800: 'Control-flow User registers'
[    1.990401] x86/fpu: Supporting XSAVE feature 0x1000: 'Control-flow Kernel registers (KVM only)'
[    1.990403] x86/fpu: xstate_offset[2]:  576, xstate_sizes[2]:  256
[    1.990404] x86/fpu: xstate_offset[5]:  832, xstate_sizes[5]:   64
[    1.990405] x86/fpu: xstate_offset[6]:  896, xstate_sizes[6]:  512
[    1.990406] x86/fpu: xstate_offset[7]: 1408, xstate_sizes[7]: 1024
[    1.990407] x86/fpu: xstate_offset[9]: 2432, xstate_sizes[9]:    8
[    1.990409] x86/fpu: xstate_offset[11]: 2440, xstate_sizes[11]:   16
[    1.990410] x86/fpu: xstate_offset[12]: 2456, xstate_sizes[12]:   24
[    1.990411] x86/fpu: Enabled xstate features 0x1ae7, context size is 2480 bytes, using 'compacted' format.
[    2.010440] Freeing SMP alternatives memory: 52K
[    2.010443] pid_max: default: 262144 minimum: 2048
[    2.010519] LSM: initializing lsm=lockdown,capability,landlock,yama,apparmor,ima,evm
[    2.010529] landlock: Up and running.
[    2.010530] Yama: becoming mindful.
[    2.010554] AppArmor: AppArmor initialized
[    2.022417] Dentry cache hash table entries: 33554432 (order: 16, 268435456 bytes, vmalloc hugepage)
[    2.028342] Inode-cache hash table entries: 16777216 (order: 15, 134217728 bytes, vmalloc hugepage)
[    2.028549] Mount-cache hash table entries: 524288 (order: 10, 4194304 bytes, vmalloc hugepage)
[    2.028736] Mountpoint-cache hash table entries: 524288 (order: 10, 4194304 bytes, vmalloc hugepage)
[    2.131419] smpboot: CPU0: AMD EPYC 9575F 64-Core Processor (family: 0x1a, model: 0x2, stepping: 0x1)
[    2.131582] Performance Events: Fam17h+ 16-deep LBR, core perfctr, AMD PMU driver.
[    2.131628] ... version:                2
[    2.131629] ... bit width:              48
[    2.131630] ... generic registers:      6
[    2.131631] ... value mask:             0000ffffffffffff
[    2.131632] ... max period:             00007fffffffffff
[    2.131633] ... fixed-purpose events:   0
[    2.131633] ... event mask:             000000000000003f
[    2.131855] signal: max sigframe size: 3376
[    2.131879] rcu: Hierarchical SRCU implementation.
[    2.131880] rcu: 	Max phase no-delay instances is 400.
[    2.131904] Timer migration: 4 hierarchy levels; 8 children per group; 3 crossnode level
[    2.132104] NMI watchdog: Enabled. Permanently consumes one hw-PMU counter.
[    2.132723] smp: Bringing up secondary CPUs ...
[    2.132789] smpboot: x86: Booting SMP configuration:
[    2.132790] .... node  #0, CPUs:          #1   #2   #3   #4   #5   #6   #7   #8   #9  #10  #11  #12  #13  #14  #15  #16  #17  #18  #19  #20  #21  #22  #23  #24  #25  #26  #27  #28  #29  #30  #31  #32  #33  #34  #35  #36  #37  #38  #39  #40  #41  #42  #43  #44  #45  #46  #47  #48  #49  #50  #51  #52  #53  #54  #55  #56  #57  #58  #59  #60  #61  #62  #63
[    2.138250] .... node  #1, CPUs:    #64  #65  #66  #67  #68  #69  #70  #71  #72  #73  #74  #75  #76  #77  #78  #79  #80  #81  #82  #83  #84  #85  #86  #87  #88  #89  #90  #91  #92  #93  #94  #95  #96  #97  #98  #99 #100 #101 #102 #103 #104 #105 #106 #107 #108 #109 #110 #111 #112 #113 #114 #115 #116 #117 #118 #119 #120 #121 #122 #123 #124 #125 #126 #127
[    2.186226] .... node  #0, CPUs:   #128 #129 #130 #131 #132 #133 #134 #135 #136 #137 #138 #139 #140 #141 #142 #143 #144 #145 #146 #147 #148 #149 #150 #151 #152 #153 #154 #155 #156 #157 #158 #159 #160 #161 #162 #163 #164 #165 #166 #167 #168 #169 #170 #171 #172 #173 #174 #175 #176 #177 #178 #179 #180 #181 #182 #183 #184 #185 #186 #187 #188 #189 #190 #191
[    2.193188] .... node  #1, CPUs:   #192 #193 #194 #195 #196 #197 #198 #199 #200 #201 #202 #203 #204 #205 #206 #207 #208 #209 #210 #211 #212 #213 #214 #215 #216 #217 #218 #219 #220 #221 #222 #223 #224 #225 #226 #227 #228 #229 #230 #231 #232 #233 #234 #235 #236 #237 #238
[    2.198007] smpboot: CPU 239 has invalid APIC ID ff. Aborting bringup
[    2.198127]  #240 #241 #242 #243 #244 #245 #246 #247 #248 #249 #250 #251 #252 #253 #254 #255
[    2.219215] smpboot: CPU 239 has invalid APIC ID ff. Aborting bringup
[    2.222217] smp: Brought up 2 nodes, 255 CPUs
[    2.222217] smpboot: Total of 255 processors activated (1680401.55 BogoMIPS)
[    2.227385] Memory: 1584147920K/1610160600K available (22213K kernel code, 4650K rwdata, 16292K rodata, 5268K init, 4212K bss, 25394392K reserved, 0K cma-reserved)
[    2.232459] devtmpfs: initialized
[    2.232459] x86/mm: Memory block size: 2048MB
[    2.238215] ACPI: PM: Registering ACPI NVS region [mem 0x75db0000-0x75e70fff] (790528 bytes)
[    2.238215] ACPI: PM: Registering ACPI NVS region [mem 0x89dac000-0x8a22cfff] (4722688 bytes)
[    2.238220] clocksource: jiffies: mask: 0xffffffff max_cycles: 0xffffffff, max_idle_ns: 1911260446275000 ns
[    2.238230] posixtimers hash table entries: 131072 (order: 9, 2097152 bytes, vmalloc hugepage)
[    2.238478] futex hash table entries: 32768 (2097152 bytes on 2 NUMA nodes, total 4096 KiB, linear).
[    2.238661] pinctrl core: initialized pinctrl subsystem
[    2.238736] PM: RTC time: 14:52:12, date: 2026-04-08
[    2.239425] NET: Registered PF_NETLINK/PF_ROUTE protocol family
[    2.239734] DMA: preallocated 4096 KiB GFP_KERNEL pool for atomic allocations
[    2.239876] DMA: preallocated 4096 KiB GFP_KERNEL|GFP_DMA pool for atomic allocations
[    2.240016] DMA: preallocated 4096 KiB GFP_KERNEL|GFP_DMA32 pool for atomic allocations
[    2.240023] audit: initializing netlink subsys (disabled)
[    2.240029] audit: type=2000 audit(1775659932.255:1): state=initialized audit_enabled=0 res=1
[    2.240169] thermal_sys: Registered thermal governor 'fair_share'
[    2.240171] thermal_sys: Registered thermal governor 'bang_bang'
[    2.240173] thermal_sys: Registered thermal governor 'step_wise'
[    2.240175] thermal_sys: Registered thermal governor 'user_space'
[    2.240176] thermal_sys: Registered thermal governor 'power_allocator'
[    2.240181] cpuidle: using governor ladder
[    2.240181] cpuidle: using governor menu
[    2.242129] acpiphp: ACPI Hot Plug PCI Controller Driver version: 0.5
[    2.242210] PCI: ECAM [mem 0x3ffb00000000-0x3ffb0fffffff] (base 0x3ffb00000000) for domain 0000 [bus 00-ff]
[    2.242223] PCI: Using configuration type 1 for base access
[    2.242290] kprobes: kprobe jump-optimization is enabled. All kprobes are optimized if possible.
[    2.242290] HugeTLB: registered 1.00 GiB page size, pre-allocated 0 pages
[    2.242290] HugeTLB: 16380 KiB vmemmap can be freed for a 1.00 GiB page
[    2.242290] HugeTLB: registered 2.00 MiB page size, pre-allocated 0 pages
[    2.242290] HugeTLB: 28 KiB vmemmap can be freed for a 2.00 MiB page
[    2.253864] fbcon: Taking over console
[    2.253938] ACPI: Added _OSI(Module Device)
[    2.253939] ACPI: Added _OSI(Processor Device)
[    2.253940] ACPI: Added _OSI(Processor Aggregator Device)
[    2.270626] ACPI: 8 ACPI AML tables successfully acquired and loaded
[    2.276189] ACPI: Interpreter enabled
[    2.276197] ACPI: PM: (supports S0 S5)
[    2.276199] ACPI: Using IOAPIC for interrupt routing
[    2.277463] HEST: Table parsing has been initialized.
[    2.277505] GHES: APEI firmware first mode is enabled by APEI bit.
[    2.277509] PCI: Using host bridge windows from ACPI; if necessary, use "pci=nocrs" and report a bug
[    2.277510] PCI: Ignoring E820 reservations for host bridge windows
[    2.278034] ACPI: Enabled 2 GPEs in block 00 to 1F
[    2.278587] ACPI: \_SB_.S0D0.C000.SATA.P0SA: New power resource
[    2.278598] ACPI: \_SB_.S0D0.C000.SATA.P3SA: New power resource
[    2.278959] ACPI: \_SB_.S0D0.C000.SAT2.P0SA: New power resource
[    2.278968] ACPI: \_SB_.S0D0.C000.SAT2.P3SA: New power resource
[    2.279722] ACPI: \_SB_.S0D1.C011.SA11.P0SA: New power resource
[    2.279730] ACPI: \_SB_.S0D1.C011.SA11.P3SA: New power resource
[    2.280194] ACPI: \_SB_.S0D1.C011.SA12.P0SA: New power resource
[    2.280203] ACPI: \_SB_.S0D1.C011.SA12.P3SA: New power resource
[    2.282604] ACPI: \_SB_.S0D3.C030.SATA.P0SA: New power resource
[    2.282614] ACPI: \_SB_.S0D3.C030.SATA.P3SA: New power resource
[    2.282879] ACPI: \_SB_.S0D3.C030.SAT2.P0SA: New power resource
[    2.282888] ACPI: \_SB_.S0D3.C030.SAT2.P3SA: New power resource
[    2.284232] ACPI: \_SB_.S1D0.C100.SA81.P0SA: New power resource
[    2.284242] ACPI: \_SB_.S1D0.C100.SA81.P3SA: New power resource
[    2.284381] ACPI: \_SB_.S1D0.C100.SA82.P0SA: New power resource
[    2.284390] ACPI: \_SB_.S1D0.C100.SA82.P3SA: New power resource
[    2.284900] ACPI: \_SB_.S1D1.C110.SA91.P0SA: New power resource
[    2.284909] ACPI: \_SB_.S1D1.C110.SA91.P3SA: New power resource
[    2.285048] ACPI: \_SB_.S1D1.C110.SA92.P0SA: New power resource
[    2.285056] ACPI: \_SB_.S1D1.C110.SA92.P3SA: New power resource
[    2.285801] ACPI: \_SB_.S1D3.C130.SAB1.P0SA: New power resource
[    2.285810] ACPI: \_SB_.S1D3.C130.SAB1.P3SA: New power resource
[    2.285950] ACPI: \_SB_.S1D3.C130.SAB2.P0SA: New power resource
[    2.285959] ACPI: \_SB_.S1D3.C130.SAB2.P3SA: New power resource
[    2.292159] ACPI: PCI Root Bridge [S0D0] (domain 0000 [bus 70-7f])
[    2.292164] acpi ACPI0016:00: _OSC: OS supports [ExtendedConfig ASPM ClockPM Segments MSI EDR HPX-Type3]
[    2.292166] acpi ACPI0016:00: _OSC: OS supports [CXL11PortRegAccess CXL20PortDevRegAccess CXLProtocolErrorReporting CXLNativeHot]
[    2.292429] acpi ACPI0016:00: _OSC: platform does not support [AER LTR DPC]
[    2.292923] acpi ACPI0016:00: _OSC: OS now controls [PCIeHotplug SHPCHotplug PME PCIeCapability]
[    2.292924] acpi ACPI0016:00: _OSC: OS now controls [CXLMemErrorReporting]
[    2.293047] PCI host bridge to bus 0000:70
[    2.293068] pci_bus 0000:70: root bus resource [io  0x8000-0x9fff window]
[    2.293070] pci_bus 0000:70: root bus resource [mem 0xb6400000-0xb67fffff window]
[    2.293071] pci_bus 0000:70: root bus resource [mem 0x18420200000-0x324201fffff window]
[    2.293073] pci_bus 0000:70: root bus resource [bus 70-7f]
[    2.293085] pci 0000:70:00.0: [1022:153a] type 00 class 0x060000 conventional PCI endpoint
[    2.293324] pci 0000:70:00.2: [1022:153b] type 00 class 0x080600 conventional PCI endpoint
[    2.293387] pci 0000:70:00.3: [1022:153c] type 00 class 0x080700 PCIe Root Complex Event Collector
[    2.293426] pci 0000:70:00.3: enabling Extended Tags
[    2.293545] pci 0000:70:01.0: [1022:153d] type 00 class 0x060000 conventional PCI endpoint
[    2.293603] pci 0000:70:01.1: [1022:153e] type 01 class 0x060400 PCIe Root Port
[    2.293615] pci 0000:70:01.1: PCI bridge to [bus 71-78]
[    2.293620] pci 0000:70:01.1:   bridge window [mem 0xb6400000-0xb66fffff]
[    2.293626] pci 0000:70:01.1:   bridge window [mem 0x26000000000-0x31066dfffff 64bit pref]
[    2.293777] pci 0000:70:01.1: PME# supported from D0 D3hot D3cold
[    2.295115] pci 0000:70:02.0: [1022:153d] type 00 class 0x060000 conventional PCI endpoint
[    2.295153] pci 0000:70:03.0: [1022:153d] type 00 class 0x060000 conventional PCI endpoint
[    2.295189] pci 0000:70:04.0: [1022:153d] type 00 class 0x060000 conventional PCI endpoint
[    2.295229] pci 0000:70:05.0: [1022:153d] type 00 class 0x060000 conventional PCI endpoint
[    2.295266] pci 0000:70:07.0: [1022:153d] type 00 class 0x060000 conventional PCI endpoint
[    2.295319] pci 0000:70:07.1: [1022:1555] type 01 class 0x060400 PCIe Root Port
[    2.295330] pci 0000:70:07.1: PCI bridge to [bus 79]
[    2.295334] pci 0000:70:07.1:   bridge window [mem 0xb6700000-0xb67fffff]
[    2.295354] pci 0000:70:07.1: enabling Extended Tags
[    2.295396] pci 0000:70:07.1: PME# supported from D0 D3hot D3cold
[    2.295601] pci 0000:71:00.0: [1000:c030] type 01 class 0x060400 PCIe Switch Upstream Port
[    2.295722] pci 0000:71:00.0: PCI bridge to [bus 72-78]
[    2.296107] pci 0000:71:00.0:   bridge window [mem 0xb6400000-0xb66fffff]
[    2.296157] pci 0000:71:00.0:   bridge window [mem 0x26000000000-0x31066dfffff 64bit pref]
[    2.296822] pci 0000:71:00.0: PME# supported from D0 D3hot D3cold
[    2.299858] pci 0000:70:01.1: PCI bridge to [bus 71-78]
[    2.300306] pci 0000:72:00.0: [1000:c030] type 01 class 0x060400 PCIe Switch Downstream Port
[    2.300428] pci 0000:72:00.0: PCI bridge to [bus 73]
[    2.300473] pci 0000:72:00.0:   bridge window [mem 0xb6600000-0xb66fffff]
[    2.301621] pci 0000:72:00.0: PME# supported from D0 D3hot D3cold
[    2.302335] pci 0000:72:00.0: Configuring Native PCIe Enclosure Management
[    2.302458] pci 0000:72:01.0: [1000:c030] type 01 class 0x060400 PCIe Switch Downstream Port
[    2.302582] pci 0000:72:01.0: PCI bridge to [bus 74]
[    2.302626] pci 0000:72:01.0:   bridge window [mem 0xb6500000-0xb65fffff]
[    2.304258] pci 0000:72:01.0: PME# supported from D0 D3hot D3cold
[    2.304960] pci 0000:72:01.0: Configuring Native PCIe Enclosure Management
[    2.305089] pci 0000:72:02.0: [1000:c030] type 01 class 0x060400 PCIe Switch Downstream Port
[    2.305208] pci 0000:72:02.0: PCI bridge to [bus 75]
[    2.305302] pci 0000:72:02.0:   bridge window [mem 0x2c000000000-0x31066bfffff 64bit pref]
[    2.306572] pci 0000:72:02.0: PME# supported from D0 D3hot D3cold
[    2.307679] pci 0000:72:02.0: Configuring Native PCIe Enclosure Management
[    2.307812] pci 0000:72:03.0: [1000:c030] type 01 class 0x060400 PCIe Switch Downstream Port
[    2.307934] pci 0000:72:03.0: PCI bridge to [bus 76]
[    2.308029] pci 0000:72:03.0:   bridge window [mem 0x26000000000-0x2b066bfffff 64bit pref]
[    2.309257] pci 0000:72:03.0: PME# supported from D0 D3hot D3cold
[    2.310395] pci 0000:72:03.0: Configuring Native PCIe Enclosure Management
[    2.310531] pci 0000:72:04.0: [1000:c030] type 01 class 0x060400 PCIe Switch Downstream Port
[    2.310656] pci 0000:72:04.0: PCI bridge to [bus 77]
[    2.310701] pci 0000:72:04.0:   bridge window [mem 0xb6400000-0xb64fffff]
[    2.311493] pci 0000:72:04.0: PME# supported from D0 D3hot D3cold
[    2.313201] pci 0000:72:04.0: Configuring Native PCIe Enclosure Management
[    2.313420] pci 0000:72:1f.0: [1000:c030] type 01 class 0x060400 PCIe Switch Downstream Port
[    2.313544] pci 0000:72:1f.0: PCI bridge to [bus 78]
[    2.313638] pci 0000:72:1f.0:   bridge window [mem 0x31066d00000-0x31066dfffff 64bit pref]
[    2.314262] pci 0000:72:1f.0: PME# supported from D0 D3hot D3cold
[    2.315358] pci 0000:71:00.0: PCI bridge to [bus 72-78]
[    2.316242] pci 0000:73:00.0: [2646:501f] type 00 class 0x010802 PCIe Endpoint
[    2.316681] pci 0000:73:00.0: BAR 0 [mem 0xb6600000-0xb6603fff 64bit]
[    2.321204] pci 0000:72:00.0: PCI bridge to [bus 73]
[    2.322326] pci 0000:74:00.0: [1000:02b2] type 00 class 0x088000 PCIe Endpoint
[    2.322495] pci 0000:74:00.0: BAR 0 [mem 0xb6500000-0xb65fffff]
[    2.323416] pci 0000:74:00.0: PME# supported from D0 D3hot D3cold
[    2.323776] pci 0000:72:01.0: PCI bridge to [bus 74]
[    2.324170] pci 0000:75:00.0: [10de:2bb5] type 00 class 0x030200 PCIe Legacy Endpoint
[    2.325077] pci 0000:75:00.0: BAR 0 [mem 0x31000000000-0x31003ffffff 64bit pref]
[    2.325095] pci 0000:75:00.0: BAR 2 [mem 0x2c000000000-0x2dfffffffff 64bit pref]
[    2.325117] pci 0000:75:00.0: BAR 4 [mem 0x31064000000-0x31065ffffff 64bit pref]
[    2.325714] pci 0000:75:00.0: Enabling HDA controller
[    2.326393] pci 0000:75:00.0: PME# supported from D0 D3hot
[    2.328130] pci 0000:75:00.0: VF BAR 0 [mem 0x31066000000-0x3106603ffff 64bit pref]
[    2.328131] pci 0000:75:00.0: VF BAR 0 [mem 0x31066000000-0x31066bfffff 64bit pref]: contains BAR 0 for 48 VFs
[    2.328149] pci 0000:75:00.0: VF BAR 2 [mem 0x2e000000000-0x2e0ffffffff 64bit pref]
[    2.328150] pci 0000:75:00.0: VF BAR 2 [mem 0x2e000000000-0x30fffffffff 64bit pref]: contains BAR 2 for 48 VFs
[    2.328167] pci 0000:75:00.0: VF BAR 4 [mem 0x31004000000-0x31005ffffff 64bit pref]
[    2.328169] pci 0000:75:00.0: VF BAR 4 [mem 0x31004000000-0x31063ffffff 64bit pref]: contains BAR 4 for 48 VFs
[    2.330715] pci 0000:72:02.0: PCI bridge to [bus 75]
[    2.331275] pci 0000:76:00.0: [10de:2bb5] type 00 class 0x030200 PCIe Legacy Endpoint
[    2.332938] pci 0000:76:00.0: BAR 0 [mem 0x2b000000000-0x2b003ffffff 64bit pref]
[    2.332956] pci 0000:76:00.0: BAR 2 [mem 0x26000000000-0x27fffffffff 64bit pref]
[    2.332974] pci 0000:76:00.0: BAR 4 [mem 0x2b064000000-0x2b065ffffff 64bit pref]
[    2.333584] pci 0000:76:00.0: Enabling HDA controller
[    2.334271] pci 0000:76:00.0: PME# supported from D0 D3hot
[    2.334739] pci 0000:76:00.0: VF BAR 0 [mem 0x2b066000000-0x2b06603ffff 64bit pref]
[    2.334740] pci 0000:76:00.0: VF BAR 0 [mem 0x2b066000000-0x2b066bfffff 64bit pref]: contains BAR 0 for 48 VFs
[    2.334758] pci 0000:76:00.0: VF BAR 2 [mem 0x28000000000-0x280ffffffff 64bit pref]
[    2.334759] pci 0000:76:00.0: VF BAR 2 [mem 0x28000000000-0x2afffffffff 64bit pref]: contains BAR 2 for 48 VFs
[    2.334777] pci 0000:76:00.0: VF BAR 4 [mem 0x2b004000000-0x2b005ffffff 64bit pref]
[    2.334779] pci 0000:76:00.0: VF BAR 4 [mem 0x2b004000000-0x2b063ffffff 64bit pref]: contains BAR 4 for 48 VFs
[    2.338011] pci 0000:72:03.0: PCI bridge to [bus 76]
[    2.338314] pci 0000:77:00.0: [1000:02b2] type 00 class 0x088000 PCIe Endpoint
[    2.338472] pci 0000:77:00.0: BAR 0 [mem 0xb6400000-0xb64fffff]
[    2.338853] pci 0000:77:00.0: PME# supported from D0 D3hot D3cold
[    2.339224] pci 0000:72:04.0: PCI bridge to [bus 77]
[    2.340120] pci 0000:78:00.0: [1000:00b2] type 00 class 0x010700 PCIe Endpoint
[    2.340316] pci 0000:78:00.0: BAR 0 [mem 0x31066d00000-0x31066d03fff 64bit pref]
[    2.341452] pci 0000:78:00.0: PME# supported from D0 D3hot D3cold
[    2.341805] pci 0000:72:1f.0: PCI bridge to [bus 78]
[    2.343125] pci 0000:79:00.0: [1022:1556] type 00 class 0x130000 PCIe Endpoint
[    2.343147] pci 0000:79:00.0: enabling Extended Tags
[    2.343240] pci 0000:79:00.4: [1022:1557] type 00 class 0x0c0330 PCIe Endpoint
[    2.343258] pci 0000:79:00.4: BAR 0 [mem 0xb6700000-0xb67fffff 64bit]
[    2.343264] pci 0000:79:00.4: enabling Extended Tags
[    2.343292] pci 0000:79:00.4: PME# supported from D0 D3hot D3cold
[    2.343386] pci 0000:70:07.1: PCI bridge to [bus 79]
[    2.343459] pci_bus 0000:70: on NUMA node 0
[    2.343977] ACPI: PCI Root Bridge [S0D1] (domain 0000 [bus 50-5f])
[    2.343980] acpi PNP0A08:00: _OSC: OS supports [ExtendedConfig ASPM ClockPM Segments MSI EDR HPX-Type3]
[    2.344048] acpi PNP0A08:00: _OSC: platform does not support [AER LTR DPC]
[    2.344173] acpi PNP0A08:00: _OSC: OS now controls [PCIeHotplug SHPCHotplug PME PCIeCapability]
[    2.344298] PCI host bridge to bus 0000:50
[    2.344319] pci_bus 0000:50: root bus resource [io  0x6000-0x6fff window]
[    2.344321] pci_bus 0000:50: root bus resource [mem 0xb0000000-0xb43fffff window]
[    2.344322] pci_bus 0000:50: root bus resource [mem 0x42480200000-0x5c4801fffff window]
[    2.344324] pci_bus 0000:50: root bus resource [bus 50-5f]
[    2.344330] pci 0000:50:00.0: [1022:153a] type 00 class 0x060000 conventional PCI endpoint
[    2.345355] pci 0000:50:00.2: [1022:153b] type 00 class 0x080600 conventional PCI endpoint
[    2.345410] pci 0000:50:01.0: [1022:153d] type 00 class 0x060000 conventional PCI endpoint
[    2.345449] pci 0000:50:02.0: [1022:153d] type 00 class 0x060000 conventional PCI endpoint
[    2.345510] pci 0000:50:03.0: [1022:153d] type 00 class 0x060000 conventional PCI endpoint
[    2.345570] pci 0000:50:03.3: [1022:1554] type 01 class 0x060400 PCIe Root Port
[    2.345583] pci 0000:50:03.3: PCI bridge to [bus 51-52]
[    2.345586] pci 0000:50:03.3:   bridge window [io  0x6000-0x6fff]
[    2.345588] pci 0000:50:03.3:   bridge window [mem 0xb0000000-0xb40fffff]
[    2.345751] pci 0000:50:03.3: PME# supported from D0 D3hot D3cold
[    2.347114] pci 0000:50:04.0: [1022:153d] type 00 class 0x060000 conventional PCI endpoint
[    2.347179] pci 0000:50:05.0: [1022:153d] type 00 class 0x060000 conventional PCI endpoint
[    2.347216] pci 0000:50:07.0: [1022:153d] type 00 class 0x060000 conventional PCI endpoint
[    2.347270] pci 0000:50:07.1: [1022:1555] type 01 class 0x060400 PCIe Root Port
[    2.347282] pci 0000:50:07.1: PCI bridge to [bus 53]
[    2.347285] pci 0000:50:07.1:   bridge window [mem 0xb4200000-0xb43fffff]
[    2.347305] pci 0000:50:07.1: enabling Extended Tags
[    2.347348] pci 0000:50:07.1: PME# supported from D0 D3hot D3cold
[    2.347460] pci 0000:51:00.0: [1a03:1150] type 01 class 0x060400 PCIe to PCI/PCI-X bridge
[    2.347483] pci 0000:51:00.0: PCI bridge to [bus 52]
[    2.347488] pci 0000:51:00.0:   bridge window [io  0x6000-0x6fff]
[    2.347491] pci 0000:51:00.0:   bridge window [mem 0xb0000000-0xb40fffff]
[    2.347559] pci 0000:51:00.0: supports D1 D2
[    2.347560] pci 0000:51:00.0: PME# supported from D0 D1 D2 D3hot D3cold
[    2.347667] pci 0000:50:03.3: PCI bridge to [bus 51-52]
[    2.347697] pci_bus 0000:52: extended config space not accessible
[    2.347708] pci 0000:52:00.0: [1a03:2000] type 00 class 0x030000 conventional PCI endpoint
[    2.347744] pci 0000:52:00.0: BAR 0 [mem 0xb0000000-0xb3ffffff]
[    2.347746] pci 0000:52:00.0: BAR 1 [mem 0xb4000000-0xb403ffff]
[    2.347748] pci 0000:52:00.0: BAR 2 [io  0x6000-0x607f]
[    2.348134] pci 0000:52:00.0: supports D1 D2
[    2.348135] pci 0000:52:00.0: PME# supported from D0 D1 D2 D3hot D3cold
[    2.348200] pci 0000:51:00.0: PCI bridge to [bus 52]
[    2.348327] pci 0000:53:00.0: [1022:1556] type 00 class 0x130000 PCIe Endpoint
[    2.348349] pci 0000:53:00.0: enabling Extended Tags
[    2.348442] pci 0000:53:00.5: [1022:156e] type 00 class 0x108000 PCIe Endpoint
[    2.348460] pci 0000:53:00.5: BAR 2 [mem 0xb4200000-0xb42fffff]
[    2.348462] pci 0000:53:00.5: BAR 5 [mem 0xb4300000-0xb4301fff]
[    2.348467] pci 0000:53:00.5: enabling Extended Tags
[    2.349142] pci 0000:50:07.1: PCI bridge to [bus 53]
[    2.349219] pci_bus 0000:50: on NUMA node 0
[    2.350162] ACPI: PCI Root Bridge [PCI0] (domain 0000 [bus 00-0f])
[    2.350164] acpi ACPI0016:01: _OSC: OS supports [ExtendedConfig ASPM ClockPM Segments MSI EDR HPX-Type3]
[    2.350166] acpi ACPI0016:01: _OSC: OS supports [CXL11PortRegAccess CXL20PortDevRegAccess CXLProtocolErrorReporting CXLNativeHot]
[    2.350421] acpi ACPI0016:01: _OSC: platform does not support [AER LTR DPC]
[    2.350909] acpi ACPI0016:01: _OSC: OS now controls [PCIeHotplug SHPCHotplug PME PCIeCapability]
[    2.350910] acpi ACPI0016:01: _OSC: OS now controls [CXLMemErrorReporting]
[    2.351056] PCI host bridge to bus 0000:00
[    2.351077] pci_bus 0000:00: root bus resource [io  0x0000-0x03af window]
[    2.351078] pci_bus 0000:00: root bus resource [io  0x03e0-0x0cf7 window]
[    2.351079] pci_bus 0000:00: root bus resource [io  0x03b0-0x03df window]
[    2.351081] pci_bus 0000:00: root bus resource [io  0x1000-0x1fff window]
[    2.351082] pci_bus 0000:00: root bus resource [mem 0x000a0000-0x000dffff window]
[    2.351084] pci_bus 0000:00: root bus resource [mem 0xb8800000-0xb8afffff window]
[    2.351085] pci_bus 0000:00: root bus resource [mem 0x6c4e0200000-0x7c4e01fffff window]
[    2.351086] pci_bus 0000:00: root bus resource [bus 00-0f]
[    2.351091] pci 0000:00:00.0: [1022:153a] type 00 class 0x060000 conventional PCI endpoint
[    2.352049] pci 0000:00:00.2: [1022:153b] type 00 class 0x080600 conventional PCI endpoint
[    2.352104] pci 0000:00:00.3: [1022:153c] type 00 class 0x080700 PCIe Root Complex Event Collector
[    2.352145] pci 0000:00:00.3: enabling Extended Tags
[    2.352263] pci 0000:00:01.0: [1022:153d] type 00 class 0x060000 conventional PCI endpoint
[    2.352320] pci 0000:00:01.1: [1022:153e] type 01 class 0x060400 PCIe Root Port
[    2.352331] pci 0000:00:01.1: PCI bridge to [bus 01-08]
[    2.352335] pci 0000:00:01.1:   bridge window [mem 0xb8800000-0xb8afffff]
[    2.352340] pci 0000:00:01.1:   bridge window [mem 0x70000000000-0x7b066dfffff 64bit pref]
[    2.352491] pci 0000:00:01.1: PME# supported from D0 D3hot D3cold
[    2.353119] pci 0000:00:02.0: [1022:153d] type 00 class 0x060000 conventional PCI endpoint
[    2.353160] pci 0000:00:03.0: [1022:153d] type 00 class 0x060000 conventional PCI endpoint
[    2.354139] pci 0000:00:04.0: [1022:153d] type 00 class 0x060000 conventional PCI endpoint
[    2.354181] pci 0000:00:05.0: [1022:153d] type 00 class 0x060000 conventional PCI endpoint
[    2.354223] pci 0000:00:07.0: [1022:153d] type 00 class 0x060000 conventional PCI endpoint
[    2.354277] pci 0000:00:07.1: [1022:1555] type 01 class 0x060400 PCIe Root Port
[    2.354288] pci 0000:00:07.1: PCI bridge to [bus 09]
[    2.354310] pci 0000:00:07.1: enabling Extended Tags
[    2.354353] pci 0000:00:07.1: PME# supported from D0 D3hot D3cold
[    2.354434] pci 0000:00:14.0: [1022:790b] type 00 class 0x0c0500 conventional PCI endpoint
[    2.354505] pci 0000:00:14.3: [1022:790e] type 00 class 0x060100 conventional PCI endpoint
[    2.354583] pci 0000:00:18.0: [1022:12c0] type 00 class 0x060000 conventional PCI endpoint
[    2.354606] pci 0000:00:18.1: [1022:12c1] type 00 class 0x060000 conventional PCI endpoint
[    2.354630] pci 0000:00:18.2: [1022:12c2] type 00 class 0x060000 conventional PCI endpoint
[    2.354652] pci 0000:00:18.3: [1022:12c3] type 00 class 0x060000 conventional PCI endpoint
[    2.354676] pci 0000:00:18.4: [1022:12c4] type 00 class 0x060000 conventional PCI endpoint
[    2.354699] pci 0000:00:18.5: [1022:12c5] type 00 class 0x060000 conventional PCI endpoint
[    2.354723] pci 0000:00:18.6: [1022:12c6] type 00 class 0x060000 conventional PCI endpoint
[    2.354746] pci 0000:00:18.7: [1022:12c7] type 00 class 0x060000 conventional PCI endpoint
[    2.354771] pci 0000:00:19.0: [1022:12c0] type 00 class 0x060000 conventional PCI endpoint
[    2.354801] pci 0000:00:19.1: [1022:12c1] type 00 class 0x060000 conventional PCI endpoint
[    2.354831] pci 0000:00:19.2: [1022:12c2] type 00 class 0x060000 conventional PCI endpoint
[    2.354860] pci 0000:00:19.3: [1022:12c3] type 00 class 0x060000 conventional PCI endpoint
[    2.354889] pci 0000:00:19.4: [1022:12c4] type 00 class 0x060000 conventional PCI endpoint
[    2.354919] pci 0000:00:19.5: [1022:12c5] type 00 class 0x060000 conventional PCI endpoint
[    2.354952] pci 0000:00:19.6: [1022:12c6] type 00 class 0x060000 conventional PCI endpoint
[    2.354981] pci 0000:00:19.7: [1022:12c7] type 00 class 0x060000 conventional PCI endpoint
[    2.355133] pci 0000:01:00.0: [1000:c030] type 01 class 0x060400 PCIe Switch Upstream Port
[    2.355250] pci 0000:01:00.0: PCI bridge to [bus 02-08]
[    2.355295] pci 0000:01:00.0:   bridge window [mem 0xb8800000-0xb8afffff]
[    2.355345] pci 0000:01:00.0:   bridge window [mem 0x70000000000-0x7b066dfffff 64bit pref]
[    2.356335] pci 0000:01:00.0: PME# supported from D0 D3hot D3cold
[    2.360645] pci 0000:00:01.1: PCI bridge to [bus 01-08]
[    2.360895] pci 0000:02:00.0: [1000:c030] type 01 class 0x060400 PCIe Switch Downstream Port
[    2.361017] pci 0000:02:00.0: PCI bridge to [bus 03]
[    2.361062] pci 0000:02:00.0:   bridge window [mem 0xb8a00000-0xb8afffff]
[    2.361847] pci 0000:02:00.0: PME# supported from D0 D3hot D3cold
[    2.363506] pci 0000:02:00.0: Configuring Native PCIe Enclosure Management
[    2.363629] pci 0000:02:01.0: [1000:c030] type 01 class 0x060400 PCIe Switch Downstream Port
[    2.363751] pci 0000:02:01.0: PCI bridge to [bus 04]
[    2.363796] pci 0000:02:01.0:   bridge window [mem 0xb8900000-0xb89fffff]
[    2.364619] pci 0000:02:01.0: PME# supported from D0 D3hot D3cold
[    2.366309] pci 0000:02:01.0: Configuring Native PCIe Enclosure Management
[    2.366436] pci 0000:02:02.0: [1000:c030] type 01 class 0x060400 PCIe Switch Downstream Port
[    2.366558] pci 0000:02:02.0: PCI bridge to [bus 05]
[    2.366603] pci 0000:02:02.0:   bridge window [mem 0xb8800000-0xb88fffff]
[    2.367391] pci 0000:02:02.0: PME# supported from D0 D3hot D3cold
[    2.369133] pci 0000:02:02.0: Configuring Native PCIe Enclosure Management
[    2.369269] pci 0000:02:03.0: [1000:c030] type 01 class 0x060400 PCIe Switch Downstream Port
[    2.369388] pci 0000:02:03.0: PCI bridge to [bus 06]
[    2.369483] pci 0000:02:03.0:   bridge window [mem 0x76000000000-0x7b066bfffff 64bit pref]
[    2.370228] pci 0000:02:03.0: PME# supported from D0 D3hot D3cold
[    2.370929] pci 0000:02:03.0: Configuring Native PCIe Enclosure Management
[    2.371073] pci 0000:02:04.0: [1000:c030] type 01 class 0x060400 PCIe Switch Downstream Port
[    2.371199] pci 0000:02:04.0: PCI bridge to [bus 07]
[    2.372176] pci 0000:02:04.0:   bridge window [mem 0x70000000000-0x75066bfffff 64bit pref]
[    2.372932] pci 0000:02:04.0: PME# supported from D0 D3hot D3cold
[    2.373648] pci 0000:02:04.0: Configuring Native PCIe Enclosure Management
[    2.373875] pci 0000:02:1f.0: [1000:c030] type 01 class 0x060400 PCIe Switch Downstream Port
[    2.373998] pci 0000:02:1f.0: PCI bridge to [bus 08]
[    2.374093] pci 0000:02:1f.0:   bridge window [mem 0x7b066d00000-0x7b066dfffff 64bit pref]
[    2.376612] pci 0000:02:1f.0: PME# supported from D0 D3hot D3cold
[    2.377187] pci 0000:01:00.0: PCI bridge to [bus 02-08]
[    2.377511] pci 0000:03:00.0: [1000:02b2] type 00 class 0x088000 PCIe Endpoint
[    2.377680] pci 0000:03:00.0: BAR 0 [mem 0xb8a00000-0xb8afffff]
[    2.378074] pci 0000:03:00.0: PME# supported from D0 D3hot D3cold
[    2.380246] pci 0000:02:00.0: PCI bridge to [bus 03]
[    2.380598] pci 0000:04:00.0: [1000:02b2] type 00 class 0x088000 PCIe Endpoint
[    2.380771] pci 0000:04:00.0: BAR 0 [mem 0xb8900000-0xb89fffff]
[    2.381171] pci 0000:04:00.0: PME# supported from D0 D3hot D3cold
[    2.381529] pci 0000:02:01.0: PCI bridge to [bus 04]
[    2.381862] pci 0000:05:00.0: [1000:02b2] type 00 class 0x088000 PCIe Endpoint
[    2.382034] pci 0000:05:00.0: BAR 0 [mem 0xb8800000-0xb88fffff]
[    2.382432] pci 0000:05:00.0: PME# supported from D0 D3hot D3cold
[    2.384324] pci 0000:02:02.0: PCI bridge to [bus 05]
[    2.384726] pci 0000:06:00.0: [10de:2bb5] type 00 class 0x030200 PCIe Legacy Endpoint
[    2.385107] pci 0000:06:00.0: BAR 0 [mem 0x7b000000000-0x7b003ffffff 64bit pref]
[    2.385125] pci 0000:06:00.0: BAR 2 [mem 0x76000000000-0x77fffffffff 64bit pref]
[    2.385146] pci 0000:06:00.0: BAR 4 [mem 0x7b064000000-0x7b065ffffff 64bit pref]
[    2.385747] pci 0000:06:00.0: Enabling HDA controller
[    2.386426] pci 0000:06:00.0: PME# supported from D0 D3hot
[    2.386894] pci 0000:06:00.0: VF BAR 0 [mem 0x7b066000000-0x7b06603ffff 64bit pref]
[    2.386895] pci 0000:06:00.0: VF BAR 0 [mem 0x7b066000000-0x7b066bfffff 64bit pref]: contains BAR 0 for 48 VFs
[    2.386913] pci 0000:06:00.0: VF BAR 2 [mem 0x78000000000-0x780ffffffff 64bit pref]
[    2.386915] pci 0000:06:00.0: VF BAR 2 [mem 0x78000000000-0x7afffffffff 64bit pref]: contains BAR 2 for 48 VFs
[    2.386947] pci 0000:06:00.0: VF BAR 4 [mem 0x7b004000000-0x7b005ffffff 64bit pref]
[    2.386949] pci 0000:06:00.0: VF BAR 4 [mem 0x7b004000000-0x7b063ffffff 64bit pref]: contains BAR 4 for 48 VFs
[    2.389995] pci 0000:02:03.0: PCI bridge to [bus 06]
[    2.390361] pci 0000:07:00.0: [10de:2bb5] type 00 class 0x030200 PCIe Legacy Endpoint
[    2.390731] pci 0000:07:00.0: BAR 0 [mem 0x75000000000-0x75003ffffff 64bit pref]
[    2.390749] pci 0000:07:00.0: BAR 2 [mem 0x70000000000-0x71fffffffff 64bit pref]
[    2.390766] pci 0000:07:00.0: BAR 4 [mem 0x75064000000-0x75065ffffff 64bit pref]
[    2.391369] pci 0000:07:00.0: Enabling HDA controller
[    2.392498] pci 0000:07:00.0: PME# supported from D0 D3hot
[    2.392974] pci 0000:07:00.0: VF BAR 0 [mem 0x75066000000-0x7506603ffff 64bit pref]
[    2.392975] pci 0000:07:00.0: VF BAR 0 [mem 0x75066000000-0x75066bfffff 64bit pref]: contains BAR 0 for 48 VFs
[    2.392993] pci 0000:07:00.0: VF BAR 2 [mem 0x72000000000-0x720ffffffff 64bit pref]
[    2.392994] pci 0000:07:00.0: VF BAR 2 [mem 0x72000000000-0x74fffffffff 64bit pref]: contains BAR 2 for 48 VFs
[    2.393011] pci 0000:07:00.0: VF BAR 4 [mem 0x75004000000-0x75005ffffff 64bit pref]
[    2.393013] pci 0000:07:00.0: VF BAR 4 [mem 0x75004000000-0x75063ffffff 64bit pref]: contains BAR 4 for 48 VFs
[    2.396233] pci 0000:02:04.0: PCI bridge to [bus 07]
[    2.396537] pci 0000:08:00.0: [1000:00b2] type 00 class 0x010700 PCIe Endpoint
[    2.396718] pci 0000:08:00.0: BAR 0 [mem 0x7b066d00000-0x7b066d03fff 64bit pref]
[    2.397250] pci 0000:08:00.0: PME# supported from D0 D3hot D3cold
[    2.397603] pci 0000:02:1f.0: PCI bridge to [bus 08]
[    2.398152] pci 0000:09:00.0: [1022:1556] type 00 class 0x130000 PCIe Endpoint
[    2.398174] pci 0000:09:00.0: enabling Extended Tags
[    2.398308] pci 0000:00:07.1: PCI bridge to [bus 09]
[    2.398380] pci_bus 0000:00: on NUMA node 0
[    2.398756] ACPI: PCI Root Bridge [S0D3] (domain 0000 [bus 20-2f])
[    2.398759] acpi PNP0A08:01: _OSC: OS supports [ExtendedConfig ASPM ClockPM Segments MSI EDR HPX-Type3]
[    2.398825] acpi PNP0A08:01: _OSC: platform does not support [AER LTR DPC]
[    2.399150] acpi PNP0A08:01: _OSC: OS now controls [PCIeHotplug SHPCHotplug PME PCIeCapability]
[    2.399256] PCI host bridge to bus 0000:20
[    2.399276] pci_bus 0000:20: root bus resource [io  0x3000-0x3fff window]
[    2.399278] pci_bus 0000:20: root bus resource [mem 0xaac00000-0xaacfffff window]
[    2.399279] pci_bus 0000:20: root bus resource [mem 0x8c540200000-0x9c5401fffff window]
[    2.399281] pci_bus 0000:20: root bus resource [bus 20-2f]
[    2.399286] pci 0000:20:00.0: [1022:153a] type 00 class 0x060000 conventional PCI endpoint
[    2.400349] pci 0000:20:00.2: [1022:153b] type 00 class 0x080600 conventional PCI endpoint
[    2.400406] pci 0000:20:01.0: [1022:153d] type 00 class 0x060000 conventional PCI endpoint
[    2.400449] pci 0000:20:02.0: [1022:153d] type 00 class 0x060000 conventional PCI endpoint
[    2.400510] pci 0000:20:03.0: [1022:153d] type 00 class 0x060000 conventional PCI endpoint
[    2.400547] pci 0000:20:04.0: [1022:153d] type 00 class 0x060000 conventional PCI endpoint
[    2.400609] pci 0000:20:05.0: [1022:153d] type 00 class 0x060000 conventional PCI endpoint
[    2.400647] pci 0000:20:07.0: [1022:153d] type 00 class 0x060000 conventional PCI endpoint
[    2.400699] pci 0000:20:07.1: [1022:1555] type 01 class 0x060400 PCIe Root Port
[    2.400710] pci 0000:20:07.1: PCI bridge to [bus 21]
[    2.400714] pci 0000:20:07.1:   bridge window [mem 0xaac00000-0xaacfffff]
[    2.401121] pci 0000:20:07.1: enabling Extended Tags
[    2.401163] pci 0000:20:07.1: PME# supported from D0 D3hot D3cold
[    2.401270] pci 0000:21:00.0: [1022:1556] type 00 class 0x130000 PCIe Endpoint
[    2.401292] pci 0000:21:00.0: enabling Extended Tags
[    2.401385] pci 0000:21:00.4: [1022:1557] type 00 class 0x0c0330 PCIe Endpoint
[    2.401403] pci 0000:21:00.4: BAR 0 [mem 0xaac00000-0xaacfffff 64bit]
[    2.401409] pci 0000:21:00.4: enabling Extended Tags
[    2.401436] pci 0000:21:00.4: PME# supported from D0 D3hot D3cold
[    2.402141] pci 0000:20:07.1: PCI bridge to [bus 21]
[    2.402184] pci_bus 0000:20: on NUMA node 0
[    2.403157] ACPI: PCI Root Bridge [S0D4] (domain 0000 [bus 40-4f])
[    2.403159] acpi PNP0A08:02: _OSC: OS supports [ExtendedConfig ASPM ClockPM Segments MSI EDR HPX-Type3]
[    2.403225] acpi PNP0A08:02: _OSC: platform does not support [AER LTR DPC]
[    2.403347] acpi PNP0A08:02: _OSC: OS now controls [PCIeHotplug SHPCHotplug PME PCIeCapability]
[    2.403438] PCI host bridge to bus 0000:40
[    2.403458] pci_bus 0000:40: root bus resource [io  0x5000-0x5fff window]
[    2.403459] pci_bus 0000:40: root bus resource [mem 0x5c4b0200000-0x6c4b01fffff window]
[    2.403461] pci_bus 0000:40: root bus resource [bus 40-4f]
[    2.403468] pci 0000:40:00.0: [1022:153a] type 00 class 0x060000 conventional PCI endpoint
[    2.404133] pci 0000:40:01.0: [1022:153d] type 00 class 0x060000 conventional PCI endpoint
[    2.404172] pci 0000:40:02.0: [1022:153d] type 00 class 0x060000 conventional PCI endpoint
[    2.404216] pci_bus 0000:40: on NUMA node 0
[    2.404268] ACPI: PCI Root Bridge [S0D5] (domain 0000 [bus 60-6f])
[    2.404270] acpi ACPI0016:02: _OSC: OS supports [ExtendedConfig ASPM ClockPM Segments MSI EDR HPX-Type3]
[    2.404272] acpi ACPI0016:02: _OSC: OS supports [CXL11PortRegAccess CXL20PortDevRegAccess CXLProtocolErrorReporting CXLNativeHot]
[    2.405305] acpi ACPI0016:02: _OSC: platform does not support [AER LTR DPC]
[    2.405803] acpi ACPI0016:02: _OSC: OS now controls [PCIeHotplug SHPCHotplug PME PCIeCapability]
[    2.405804] acpi ACPI0016:02: _OSC: OS now controls [CXLMemErrorReporting]
[    2.405895] PCI host bridge to bus 0000:60
[    2.405916] pci_bus 0000:60: root bus resource [io  0x7000-0x7fff window]
[    2.405917] pci_bus 0000:60: root bus resource [mem 0x32450200000-0x424501fffff window]
[    2.405918] pci_bus 0000:60: root bus resource [bus 60-6f]
[    2.405923] pci 0000:60:00.0: [1022:153a] type 00 class 0x060000 conventional PCI endpoint
[    2.407265] pci 0000:60:00.3: [1022:153c] type 00 class 0x080700 PCIe Root Complex Event Collector
[    2.407333] pci 0000:60:00.3: enabling Extended Tags
[    2.407507] pci 0000:60:01.0: [1022:153d] type 00 class 0x060000 conventional PCI endpoint
[    2.407545] pci 0000:60:02.0: [1022:153d] type 00 class 0x060000 conventional PCI endpoint
[    2.407591] pci_bus 0000:60: on NUMA node 0
[    2.407643] ACPI: PCI Root Bridge [S0D6] (domain 0000 [bus 30-3f])
[    2.407644] acpi PNP0A08:03: _OSC: OS supports [ExtendedConfig ASPM ClockPM Segments MSI EDR HPX-Type3]
[    2.407709] acpi PNP0A08:03: _OSC: platform does not support [AER LTR DPC]
[    2.407832] acpi PNP0A08:03: _OSC: OS now controls [PCIeHotplug SHPCHotplug PME PCIeCapability]
[    2.407925] PCI host bridge to bus 0000:30
[    2.407945] pci_bus 0000:30: root bus resource [io  0x4000-0x4fff window]
[    2.407946] pci_bus 0000:30: root bus resource [mem 0x9c570200000-0xac5701fffff window]
[    2.407948] pci_bus 0000:30: root bus resource [bus 30-3f]
[    2.407953] pci 0000:30:00.0: [1022:153a] type 00 class 0x060000 conventional PCI endpoint
[    2.408236] pci 0000:30:01.0: [1022:153d] type 00 class 0x060000 conventional PCI endpoint
[    2.408275] pci 0000:30:02.0: [1022:153d] type 00 class 0x060000 conventional PCI endpoint
[    2.408319] pci_bus 0000:30: on NUMA node 0
[    2.408373] ACPI: PCI Root Bridge [S0D7] (domain 0000 [bus 10-1f])
[    2.408375] acpi ACPI0016:03: _OSC: OS supports [ExtendedConfig ASPM ClockPM Segments MSI EDR HPX-Type3]
[    2.408377] acpi ACPI0016:03: _OSC: OS supports [CXL11PortRegAccess CXL20PortDevRegAccess CXLProtocolErrorReporting CXLNativeHot]
[    2.408628] acpi ACPI0016:03: _OSC: platform does not support [AER LTR DPC]
[    2.409281] acpi ACPI0016:03: _OSC: OS now controls [PCIeHotplug SHPCHotplug PME PCIeCapability]
[    2.409283] acpi ACPI0016:03: _OSC: OS now controls [CXLMemErrorReporting]
[    2.409374] PCI host bridge to bus 0000:10
[    2.409394] pci_bus 0000:10: root bus resource [io  0x2000-0x2fff window]
[    2.409395] pci_bus 0000:10: root bus resource [mem 0x7c510200000-0x8c5101fffff window]
[    2.409397] pci_bus 0000:10: root bus resource [bus 10-1f]
[    2.409402] pci 0000:10:00.0: [1022:153a] type 00 class 0x060000 conventional PCI endpoint
[    2.410313] pci 0000:10:00.3: [1022:153c] type 00 class 0x080700 PCIe Root Complex Event Collector
[    2.410381] pci 0000:10:00.3: enabling Extended Tags
[    2.410554] pci 0000:10:01.0: [1022:153d] type 00 class 0x060000 conventional PCI endpoint
[    2.410593] pci 0000:10:02.0: [1022:153d] type 00 class 0x060000 conventional PCI endpoint
[    2.410636] pci_bus 0000:10: on NUMA node 0
[    2.410689] ACPI: PCI Root Bridge [S1D0] (domain 0000 [bus f0-ff])
[    2.410690] acpi ACPI0016:04: _OSC: OS supports [ExtendedConfig ASPM ClockPM Segments MSI EDR HPX-Type3]
[    2.410692] acpi ACPI0016:04: _OSC: OS supports [CXL11PortRegAccess CXL20PortDevRegAccess CXLProtocolErrorReporting CXLNativeHot]
[    2.411303] acpi ACPI0016:04: _OSC: platform does not support [AER LTR DPC]
[    2.411784] acpi ACPI0016:04: _OSC: OS now controls [PCIeHotplug SHPCHotplug PME PCIeCapability]
[    2.411786] acpi ACPI0016:04: _OSC: OS now controls [CXLMemErrorReporting]
[    2.411872] PCI host bridge to bus 0000:f0
[    2.411874] pci_bus 0000:f0: root bus resource [io  0xd000-0xffff window]
[    2.411875] pci_bus 0000:f0: root bus resource [mem 0xa8700000-0xa8bfffff window]
[    2.411877] pci_bus 0000:f0: root bus resource [mem 0xac5a0200000-0xc65a01fffff window]
[    2.411878] pci_bus 0000:f0: root bus resource [bus f0-ff]
[    2.411884] pci 0000:f0:00.0: [1022:153a] type 00 class 0x060000 conventional PCI endpoint
[    2.412314] pci 0000:f0:00.2: [1022:153b] type 00 class 0x080600 conventional PCI endpoint
[    2.412380] pci 0000:f0:00.3: [1022:153c] type 00 class 0x080700 PCIe Root Complex Event Collector
[    2.412422] pci 0000:f0:00.3: enabling Extended Tags
[    2.412544] pci 0000:f0:01.0: [1022:153d] type 00 class 0x060000 conventional PCI endpoint
[    2.412607] pci 0000:f0:01.1: [1022:153e] type 01 class 0x060400 PCIe Root Port
[    2.412621] pci 0000:f0:01.1: PCI bridge to [bus f1-f8]
[    2.412625] pci 0000:f0:01.1:   bridge window [mem 0xa8700000-0xa89fffff]
[    2.412631] pci 0000:f0:01.1:   bridge window [mem 0xba000000000-0xc5066efffff 64bit pref]
[    2.413134] pci 0000:f0:01.1: PME# supported from D0 D3hot D3cold
[    2.414116] pci 0000:f0:02.0: [1022:153d] type 00 class 0x060000 conventional PCI endpoint
[    2.414159] pci 0000:f0:03.0: [1022:153d] type 00 class 0x060000 conventional PCI endpoint
[    2.414203] pci 0000:f0:04.0: [1022:153d] type 00 class 0x060000 conventional PCI endpoint
[    2.414247] pci 0000:f0:05.0: [1022:153d] type 00 class 0x060000 conventional PCI endpoint
[    2.414291] pci 0000:f0:07.0: [1022:153d] type 00 class 0x060000 conventional PCI endpoint
[    2.414354] pci 0000:f0:07.1: [1022:1555] type 01 class 0x060400 PCIe Root Port
[    2.414368] pci 0000:f0:07.1: PCI bridge to [bus f9]
[    2.414372] pci 0000:f0:07.1:   bridge window [mem 0xa8b00000-0xa8bfffff]
[    2.414394] pci 0000:f0:07.1: enabling Extended Tags
[    2.414442] pci 0000:f0:07.1: PME# supported from D0 D3hot D3cold
[    2.414526] pci 0000:f0:07.2: [1022:1555] type 01 class 0x060400 PCIe Root Port
[    2.414539] pci 0000:f0:07.2: PCI bridge to [bus fa]
[    2.414543] pci 0000:f0:07.2:   bridge window [mem 0xa8a00000-0xa8afffff]
[    2.414564] pci 0000:f0:07.2: enabling Extended Tags
[    2.415149] pci 0000:f0:07.2: PME# supported from D0 D3hot D3cold
[    2.415368] pci 0000:f1:00.0: [1000:c030] type 01 class 0x060400 PCIe Switch Upstream Port
[    2.416207] pci 0000:f1:00.0: PCI bridge to [bus f2-f8]
[    2.416252] pci 0000:f1:00.0:   bridge window [mem 0xa8700000-0xa89fffff]
[    2.416308] pci 0000:f1:00.0:   bridge window [mem 0xba000000000-0xc5066efffff 64bit pref]
[    2.417543] pci 0000:f1:00.0: PME# supported from D0 D3hot D3cold
[    2.420224] pci 0000:f0:01.1: PCI bridge to [bus f1-f8]
[    2.420480] pci 0000:f2:00.0: [1000:c030] type 01 class 0x060400 PCIe Switch Downstream Port
[    2.420635] pci 0000:f2:00.0: PCI bridge to [bus f3]
[    2.420680] pci 0000:f2:00.0:   bridge window [mem 0xa8900000-0xa89fffff]
[    2.420737] pci 0000:f2:00.0:   bridge window [mem 0xc5066e00000-0xc5066efffff 64bit pref]
[    2.423120] pci 0000:f2:00.0: PME# supported from D0 D3hot D3cold
[    2.424403] pci 0000:f2:00.0: Configuring Native PCIe Enclosure Management
[    2.424533] pci 0000:f2:01.0: [1000:c030] type 01 class 0x060400 PCIe Switch Downstream Port
[    2.424676] pci 0000:f2:01.0: PCI bridge to [bus f4]
[    2.424776] pci 0000:f2:01.0:   bridge window [mem 0xc0000000000-0xc5066bfffff 64bit pref]
[    2.426352] pci 0000:f2:01.0: PME# supported from D0 D3hot D3cold
[    2.428009] pci 0000:f2:01.0: Configuring Native PCIe Enclosure Management
[    2.428149] pci 0000:f2:02.0: [1000:c030] type 01 class 0x060400 PCIe Switch Downstream Port
[    2.428292] pci 0000:f2:02.0: PCI bridge to [bus f5]
[    2.428389] pci 0000:f2:02.0:   bridge window [mem 0xba000000000-0xbf066bfffff 64bit pref]
[    2.429476] pci 0000:f2:02.0: PME# supported from D0 D3hot D3cold
[    2.431620] pci 0000:f2:02.0: Configuring Native PCIe Enclosure Management
[    2.431767] pci 0000:f2:03.0: [1000:c030] type 01 class 0x060400 PCIe Switch Downstream Port
[    2.431916] pci 0000:f2:03.0: PCI bridge to [bus f6]
[    2.431961] pci 0000:f2:03.0:   bridge window [mem 0xa8800000-0xa88fffff]
[    2.433120] pci 0000:f2:03.0: PME# supported from D0 D3hot D3cold
[    2.435169] pci 0000:f2:03.0: Configuring Native PCIe Enclosure Management
[    2.435322] pci 0000:f2:04.0: [1000:c030] type 01 class 0x060400 PCIe Switch Downstream Port
[    2.435468] pci 0000:f2:04.0: PCI bridge to [bus f7]
[    2.435513] pci 0000:f2:04.0:   bridge window [mem 0xa8700000-0xa87fffff]
[    2.436668] pci 0000:f2:04.0: PME# supported from D0 D3hot D3cold
[    2.438323] pci 0000:f2:04.0: Configuring Native PCIe Enclosure Management
[    2.439107] pci 0000:f2:1f.0: [1000:c030] type 01 class 0x060400 PCIe Switch Downstream Port
[    2.439251] pci 0000:f2:1f.0: PCI bridge to [bus f8]
[    2.439347] pci 0000:f2:1f.0:   bridge window [mem 0xc5066d00000-0xc5066dfffff 64bit pref]
[    2.440246] pci 0000:f2:1f.0: PME# supported from D0 D3hot D3cold
[    2.441232] pci 0000:f1:00.0: PCI bridge to [bus f2-f8]
[    2.441639] pci 0000:f3:00.0: [10df:0720] type 00 class 0x020000 PCIe Endpoint
[    2.443423] pci 0000:f3:00.0: BAR 0 [mem 0xc5066e84000-0xc5066e87fff 64bit pref]
[    2.443441] pci 0000:f3:00.0: BAR 2 [mem 0xc5066e60000-0xc5066e7ffff 64bit pref]
[    2.443459] pci 0000:f3:00.0: BAR 4 [mem 0xc5066e40000-0xc5066e5ffff 64bit pref]
[    2.443467] pci 0000:f3:00.0: ROM [mem 0xa8980000-0xa89fffff pref]
[    2.444954] pci 0000:f3:00.0: PME# supported from D3hot D3cold
[    2.446169] pci 0000:f3:00.1: [10df:0720] type 00 class 0x020000 PCIe Endpoint
[    2.447049] pci 0000:f3:00.1: BAR 0 [mem 0xc5066e80000-0xc5066e83fff 64bit pref]
[    2.447067] pci 0000:f3:00.1: BAR 2 [mem 0xc5066e20000-0xc5066e3ffff 64bit pref]
[    2.447085] pci 0000:f3:00.1: BAR 4 [mem 0xc5066e00000-0xc5066e1ffff 64bit pref]
[    2.447093] pci 0000:f3:00.1: ROM [mem 0xa8900000-0xa897ffff pref]
[    2.447979] pci 0000:f3:00.1: PME# supported from D3hot D3cold
[    2.451126] pci 0000:f2:00.0: PCI bridge to [bus f3]
[    2.451539] pci 0000:f4:00.0: [10de:2bb5] type 00 class 0x030200 PCIe Legacy Endpoint
[    2.452866] pci 0000:f4:00.0: BAR 0 [mem 0xc5000000000-0xc5003ffffff 64bit pref]
[    2.452887] pci 0000:f4:00.0: BAR 2 [mem 0xc0000000000-0xc1fffffffff 64bit pref]
[    2.452909] pci 0000:f4:00.0: BAR 4 [mem 0xc5064000000-0xc5065ffffff 64bit pref]
[    2.453714] pci 0000:f4:00.0: Enabling HDA controller
[    2.454522] pci 0000:f4:00.0: PME# supported from D0 D3hot
[    2.455117] pci 0000:f4:00.0: VF BAR 0 [mem 0xc5066000000-0xc506603ffff 64bit pref]
[    2.455118] pci 0000:f4:00.0: VF BAR 0 [mem 0xc5066000000-0xc5066bfffff 64bit pref]: contains BAR 0 for 48 VFs
[    2.455136] pci 0000:f4:00.0: VF BAR 2 [mem 0xc2000000000-0xc20ffffffff 64bit pref]
[    2.455138] pci 0000:f4:00.0: VF BAR 2 [mem 0xc2000000000-0xc4fffffffff 64bit pref]: contains BAR 2 for 48 VFs
[    2.455156] pci 0000:f4:00.0: VF BAR 4 [mem 0xc5004000000-0xc5005ffffff 64bit pref]
[    2.455157] pci 0000:f4:00.0: VF BAR 4 [mem 0xc5004000000-0xc5063ffffff 64bit pref]: contains BAR 4 for 48 VFs
[    2.459822] pci 0000:f2:01.0: PCI bridge to [bus f4]
[    2.460199] pci 0000:f5:00.0: [10de:2bb5] type 00 class 0x030200 PCIe Legacy Endpoint
[    2.460946] pci 0000:f5:00.0: BAR 0 [mem 0xbf000000000-0xbf003ffffff 64bit pref]
[    2.460967] pci 0000:f5:00.0: BAR 2 [mem 0xba000000000-0xbbfffffffff 64bit pref]
[    2.460989] pci 0000:f5:00.0: BAR 4 [mem 0xbf064000000-0xbf065ffffff 64bit pref]
[    2.461763] pci 0000:f5:00.0: Enabling HDA controller
[    2.462589] pci 0000:f5:00.0: PME# supported from D0 D3hot
[    2.464293] pci 0000:f5:00.0: VF BAR 0 [mem 0xbf066000000-0xbf06603ffff 64bit pref]
[    2.464294] pci 0000:f5:00.0: VF BAR 0 [mem 0xbf066000000-0xbf066bfffff 64bit pref]: contains BAR 0 for 48 VFs
[    2.464312] pci 0000:f5:00.0: VF BAR 2 [mem 0xbc000000000-0xbc0ffffffff 64bit pref]
[    2.464313] pci 0000:f5:00.0: VF BAR 2 [mem 0xbc000000000-0xbefffffffff 64bit pref]: contains BAR 2 for 48 VFs
[    2.464346] pci 0000:f5:00.0: VF BAR 4 [mem 0xbf004000000-0xbf005ffffff 64bit pref]
[    2.464347] pci 0000:f5:00.0: VF BAR 4 [mem 0xbf004000000-0xbf063ffffff 64bit pref]: contains BAR 4 for 48 VFs
[    2.467838] pci 0000:f2:02.0: PCI bridge to [bus f5]
[    2.468197] pci 0000:f6:00.0: [1000:02b2] type 00 class 0x088000 PCIe Endpoint
[    2.468410] pci 0000:f6:00.0: BAR 0 [mem 0xa8800000-0xa88fffff]
[    2.469564] pci 0000:f6:00.0: PME# supported from D0 D3hot D3cold
[    2.470139] pci 0000:f2:03.0: PCI bridge to [bus f6]
[    2.470503] pci 0000:f7:00.0: [1000:02b2] type 00 class 0x088000 PCIe Endpoint
[    2.470730] pci 0000:f7:00.0: BAR 0 [mem 0xa8700000-0xa87fffff]
[    2.471214] pci 0000:f7:00.0: PME# supported from D0 D3hot D3cold
[    2.471784] pci 0000:f2:04.0: PCI bridge to [bus f7]
[    2.472297] pci 0000:f8:00.0: [1000:00b2] type 00 class 0x010700 PCIe Endpoint
[    2.473239] pci 0000:f8:00.0: BAR 0 [mem 0xc5066d00000-0xc5066d03fff 64bit pref]
[    2.473799] pci 0000:f8:00.0: PME# supported from D0 D3hot D3cold
[    2.474301] pci 0000:f2:1f.0: PCI bridge to [bus f8]
[    2.475161] pci 0000:f9:00.0: [1022:1556] type 00 class 0x130000 PCIe Endpoint
[    2.475186] pci 0000:f9:00.0: enabling Extended Tags
[    2.475297] pci 0000:f9:00.4: [1022:1557] type 00 class 0x0c0330 PCIe Endpoint
[    2.475318] pci 0000:f9:00.4: BAR 0 [mem 0xa8b00000-0xa8bfffff 64bit]
[    2.475324] pci 0000:f9:00.4: enabling Extended Tags
[    2.475356] pci 0000:f9:00.4: PME# supported from D0 D3hot D3cold
[    2.475460] pci 0000:f0:07.1: PCI bridge to [bus f9]
[    2.475519] pci 0000:fa:00.0: [1022:7901] type 00 class 0x010601 PCIe Endpoint
[    2.475542] pci 0000:fa:00.0: BAR 5 [mem 0xa8a01000-0xa8a017ff]
[    2.475547] pci 0000:fa:00.0: enabling Extended Tags
[    2.475587] pci 0000:fa:00.0: PME# supported from D3hot D3cold
[    2.475654] pci 0000:fa:00.1: [1022:7901] type 00 class 0x010601 PCIe Endpoint
[    2.475677] pci 0000:fa:00.1: BAR 5 [mem 0xa8a00000-0xa8a007ff]
[    2.475682] pci 0000:fa:00.1: enabling Extended Tags
[    2.475712] pci 0000:fa:00.1: PME# supported from D3hot D3cold
[    2.475802] pci 0000:f0:07.2: PCI bridge to [bus fa]
[    2.476134] pci_bus 0000:f0: on NUMA node 1
[    2.476340] ACPI: PCI Root Bridge [S1D1] (domain 0000 [bus d0-df])
[    2.476342] acpi PNP0A08:04: _OSC: OS supports [ExtendedConfig ASPM ClockPM Segments MSI EDR HPX-Type3]
[    2.476408] acpi PNP0A08:04: _OSC: platform does not support [AER LTR DPC]
[    2.476531] acpi PNP0A08:04: _OSC: OS now controls [PCIeHotplug SHPCHotplug PME PCIeCapability]
[    2.476636] PCI host bridge to bus 0000:d0
[    2.476637] pci_bus 0000:d0: root bus resource [io  0xb000-0xbfff window]
[    2.476639] pci_bus 0000:d0: root bus resource [mem 0xa6400000-0xa65fffff window]
[    2.476640] pci_bus 0000:d0: root bus resource [mem 0xd6600200000-0xf06001fffff window]
[    2.476642] pci_bus 0000:d0: root bus resource [bus d0-df]
[    2.476647] pci 0000:d0:00.0: [1022:153a] type 00 class 0x060000 conventional PCI endpoint
[    2.477357] pci 0000:d0:00.2: [1022:153b] type 00 class 0x080600 conventional PCI endpoint
[    2.477421] pci 0000:d0:01.0: [1022:153d] type 00 class 0x060000 conventional PCI endpoint
[    2.477465] pci 0000:d0:02.0: [1022:153d] type 00 class 0x060000 conventional PCI endpoint
[    2.477533] pci 0000:d0:03.0: [1022:153d] type 00 class 0x060000 conventional PCI endpoint
[    2.477577] pci 0000:d0:04.0: [1022:153d] type 00 class 0x060000 conventional PCI endpoint
[    2.477645] pci 0000:d0:05.0: [1022:153d] type 00 class 0x060000 conventional PCI endpoint
[    2.478120] pci 0000:d0:07.0: [1022:153d] type 00 class 0x060000 conventional PCI endpoint
[    2.478180] pci 0000:d0:07.1: [1022:1555] type 01 class 0x060400 PCIe Root Port
[    2.478193] pci 0000:d0:07.1: PCI bridge to [bus d1]
[    2.478198] pci 0000:d0:07.1:   bridge window [mem 0xa6400000-0xa65fffff]
[    2.478219] pci 0000:d0:07.1: enabling Extended Tags
[    2.478269] pci 0000:d0:07.1: PME# supported from D0 D3hot D3cold
[    2.478390] pci 0000:d1:00.0: [1022:1556] type 00 class 0x130000 PCIe Endpoint
[    2.478415] pci 0000:d1:00.0: enabling Extended Tags
[    2.478527] pci 0000:d1:00.5: [1022:156e] type 00 class 0x108000 PCIe Endpoint
[    2.478548] pci 0000:d1:00.5: BAR 2 [mem 0xa6400000-0xa64fffff]
[    2.478551] pci 0000:d1:00.5: BAR 5 [mem 0xa6500000-0xa6501fff]
[    2.478555] pci 0000:d1:00.5: enabling Extended Tags
[    2.479146] pci 0000:d0:07.1: PCI bridge to [bus d1]
[    2.479191] pci_bus 0000:d0: on NUMA node 1
[    2.479381] ACPI: PCI Root Bridge [S1D2] (domain 0000 [bus 80-8f])
[    2.479383] acpi ACPI0016:05: _OSC: OS supports [ExtendedConfig ASPM ClockPM Segments MSI EDR HPX-Type3]
[    2.479385] acpi ACPI0016:05: _OSC: OS supports [CXL11PortRegAccess CXL20PortDevRegAccess CXLProtocolErrorReporting CXLNativeHot]
[    2.480261] acpi ACPI0016:05: _OSC: platform does not support [AER LTR DPC]
[    2.480771] acpi ACPI0016:05: _OSC: OS now controls [PCIeHotplug SHPCHotplug PME PCIeCapability]
[    2.480773] acpi ACPI0016:05: _OSC: OS now controls [CXLMemErrorReporting]
[    2.480862] PCI host bridge to bus 0000:80
[    2.480863] pci_bus 0000:80: root bus resource [mem 0xa4100000-0xa43fffff window]
[    2.480865] pci_bus 0000:80: root bus resource [mem 0x100660200000-0x1106601fffff window]
[    2.480866] pci_bus 0000:80: root bus resource [bus 80-8f]
[    2.480872] pci 0000:80:00.0: [1022:153a] type 00 class 0x060000 conventional PCI endpoint
[    2.482133] pci 0000:80:00.2: [1022:153b] type 00 class 0x080600 conventional PCI endpoint
[    2.482196] pci 0000:80:00.3: [1022:153c] type 00 class 0x080700 PCIe Root Complex Event Collector
[    2.482238] pci 0000:80:00.3: enabling Extended Tags
[    2.482364] pci 0000:80:01.0: [1022:153d] type 00 class 0x060000 conventional PCI endpoint
[    2.482430] pci 0000:80:01.1: [1022:153e] type 01 class 0x060400 PCIe Root Port
[    2.482443] pci 0000:80:01.1: PCI bridge to [bus 81-88]
[    2.482448] pci 0000:80:01.1:   bridge window [mem 0xa4100000-0xa43fffff]
[    2.482454] pci 0000:80:01.1:   bridge window [mem 0x104000000000-0x10f066dfffff 64bit pref]
[    2.482615] pci 0000:80:01.1: PME# supported from D0 D3hot D3cold
[    2.484121] pci 0000:80:02.0: [1022:153d] type 00 class 0x060000 conventional PCI endpoint
[    2.484170] pci 0000:80:03.0: [1022:153d] type 00 class 0x060000 conventional PCI endpoint
[    2.484217] pci 0000:80:04.0: [1022:153d] type 00 class 0x060000 conventional PCI endpoint
[    2.484266] pci 0000:80:05.0: [1022:153d] type 00 class 0x060000 conventional PCI endpoint
[    2.484315] pci 0000:80:07.0: [1022:153d] type 00 class 0x060000 conventional PCI endpoint
[    2.484374] pci 0000:80:07.1: [1022:1555] type 01 class 0x060400 PCIe Root Port
[    2.484388] pci 0000:80:07.1: PCI bridge to [bus 89]
[    2.484412] pci 0000:80:07.1: enabling Extended Tags
[    2.484461] pci 0000:80:07.1: PME# supported from D0 D3hot D3cold
[    2.484711] pci 0000:81:00.0: [1000:c030] type 01 class 0x060400 PCIe Switch Upstream Port
[    2.484857] pci 0000:81:00.0: PCI bridge to [bus 82-88]
[    2.484903] pci 0000:81:00.0:   bridge window [mem 0xa4100000-0xa43fffff]
[    2.484953] pci 0000:81:00.0:   bridge window [mem 0x104000000000-0x10f066dfffff 64bit pref]
[    2.485887] pci 0000:81:00.0: PME# supported from D0 D3hot D3cold
[    2.489700] pci 0000:80:01.1: PCI bridge to [bus 81-88]
[    2.489958] pci 0000:82:00.0: [1000:c030] type 01 class 0x060400 PCIe Switch Downstream Port
[    2.490107] pci 0000:82:00.0: PCI bridge to [bus 83]
[    2.490152] pci 0000:82:00.0:   bridge window [mem 0xa4300000-0xa43fffff]
[    2.491300] pci 0000:82:00.0: PME# supported from D0 D3hot D3cold
[    2.493617] pci 0000:82:00.0: Configuring Native PCIe Enclosure Management
[    2.493751] pci 0000:82:01.0: [1000:c030] type 01 class 0x060400 PCIe Switch Downstream Port
[    2.493893] pci 0000:82:01.0: PCI bridge to [bus 84]
[    2.493995] pci 0000:82:01.0:   bridge window [mem 0x10a000000000-0x10f066bfffff 64bit pref]
[    2.495096] pci 0000:82:01.0: PME# supported from D0 D3hot D3cold
[    2.498222] pci 0000:82:01.0: Configuring Native PCIe Enclosure Management
[    2.498362] pci 0000:82:02.0: [1000:c030] type 01 class 0x060400 PCIe Switch Downstream Port
[    2.498510] pci 0000:82:02.0: PCI bridge to [bus 85]
[    2.498614] pci 0000:82:02.0:   bridge window [mem 0x104000000000-0x109066bfffff 64bit pref]
[    2.499704] pci 0000:82:02.0: PME# supported from D0 D3hot D3cold
[    2.500979] pci 0000:82:02.0: Configuring Native PCIe Enclosure Management
[    2.501126] pci 0000:82:03.0: [1000:c030] type 01 class 0x060400 PCIe Switch Downstream Port
[    2.502170] pci 0000:82:03.0: PCI bridge to [bus 86]
[    2.503125] pci 0000:82:03.0:   bridge window [mem 0xa4200000-0xa42fffff]
[    2.504280] pci 0000:82:03.0: PME# supported from D0 D3hot D3cold
[    2.505569] pci 0000:82:03.0: Configuring Native PCIe Enclosure Management
[    2.505726] pci 0000:82:04.0: [1000:c030] type 01 class 0x060400 PCIe Switch Downstream Port
[    2.505876] pci 0000:82:04.0: PCI bridge to [bus 87]
[    2.505921] pci 0000:82:04.0:   bridge window [mem 0xa4100000-0xa41fffff]
[    2.508916] pci 0000:82:04.0: PME# supported from D0 D3hot D3cold
[    2.510226] pci 0000:82:04.0: Configuring Native PCIe Enclosure Management
[    2.510540] pci 0000:82:1f.0: [1000:c030] type 01 class 0x060400 PCIe Switch Downstream Port
[    2.510671] pci 0000:82:1f.0: PCI bridge to [bus 88]
[    2.510766] pci 0000:82:1f.0:   bridge window [mem 0x10f066d00000-0x10f066dfffff 64bit pref]
[    2.513484] pci 0000:82:1f.0: PME# supported from D0 D3hot D3cold
[    2.514490] pci 0000:81:00.0: PCI bridge to [bus 82-88]
[    2.514824] pci 0000:83:00.0: [1000:02b2] type 00 class 0x088000 PCIe Endpoint
[    2.515042] pci 0000:83:00.0: BAR 0 [mem 0xa4300000-0xa43fffff]
[    2.515523] pci 0000:83:00.0: PME# supported from D0 D3hot D3cold
[    2.516092] pci 0000:82:00.0: PCI bridge to [bus 83]
[    2.517372] pci 0000:84:00.0: [10de:2bb5] type 00 class 0x030200 PCIe Legacy Endpoint
[    2.517778] pci 0000:84:00.0: BAR 0 [mem 0x10f000000000-0x10f003ffffff 64bit pref]
[    2.517799] pci 0000:84:00.0: BAR 2 [mem 0x10a000000000-0x10bfffffffff 64bit pref]
[    2.517820] pci 0000:84:00.0: BAR 4 [mem 0x10f064000000-0x10f065ffffff 64bit pref]
[    2.518628] pci 0000:84:00.0: Enabling HDA controller
[    2.519455] pci 0000:84:00.0: PME# supported from D0 D3hot
[    2.520049] pci 0000:84:00.0: VF BAR 0 [mem 0x10f066000000-0x10f06603ffff 64bit pref]
[    2.520050] pci 0000:84:00.0: VF BAR 0 [mem 0x10f066000000-0x10f066bfffff 64bit pref]: contains BAR 0 for 48 VFs
[    2.520072] pci 0000:84:00.0: VF BAR 2 [mem 0x10c000000000-0x10c0ffffffff 64bit pref]
[    2.520073] pci 0000:84:00.0: VF BAR 2 [mem 0x10c000000000-0x10efffffffff 64bit pref]: contains BAR 2 for 48 VFs
[    2.520091] pci 0000:84:00.0: VF BAR 4 [mem 0x10f004000000-0x10f005ffffff 64bit pref]
[    2.520092] pci 0000:84:00.0: VF BAR 4 [mem 0x10f004000000-0x10f063ffffff 64bit pref]: contains BAR 4 for 48 VFs
[    2.524015] pci 0000:82:01.0: PCI bridge to [bus 84]
[    2.524393] pci 0000:85:00.0: [10de:2bb5] type 00 class 0x030200 PCIe Legacy Endpoint
[    2.524779] pci 0000:85:00.0: BAR 0 [mem 0x109000000000-0x109003ffffff 64bit pref]
[    2.524801] pci 0000:85:00.0: BAR 2 [mem 0x104000000000-0x105fffffffff 64bit pref]
[    2.524825] pci 0000:85:00.0: BAR 4 [mem 0x109064000000-0x109065ffffff 64bit pref]
[    2.525607] pci 0000:85:00.0: Enabling HDA controller
[    2.526422] pci 0000:85:00.0: PME# supported from D0 D3hot
[    2.527417] pci 0000:85:00.0: VF BAR 0 [mem 0x109066000000-0x10906603ffff 64bit pref]
[    2.527418] pci 0000:85:00.0: VF BAR 0 [mem 0x109066000000-0x109066bfffff 64bit pref]: contains BAR 0 for 48 VFs
[    2.527439] pci 0000:85:00.0: VF BAR 2 [mem 0x106000000000-0x1060ffffffff 64bit pref]
[    2.527440] pci 0000:85:00.0: VF BAR 2 [mem 0x106000000000-0x108fffffffff 64bit pref]: contains BAR 2 for 48 VFs
[    2.527461] pci 0000:85:00.0: VF BAR 4 [mem 0x109004000000-0x109005ffffff 64bit pref]
[    2.527463] pci 0000:85:00.0: VF BAR 4 [mem 0x109004000000-0x109063ffffff 64bit pref]: contains BAR 4 for 48 VFs
[    2.531067] pci 0000:82:02.0: PCI bridge to [bus 85]
[    2.531383] pci 0000:86:00.0: [1000:02b2] type 00 class 0x088000 PCIe Endpoint
[    2.532245] pci 0000:86:00.0: BAR 0 [mem 0xa4200000-0xa42fffff]
[    2.532725] pci 0000:86:00.0: PME# supported from D0 D3hot D3cold
[    2.533436] pci 0000:82:03.0: PCI bridge to [bus 86]
[    2.533780] pci 0000:87:00.0: [1000:02b2] type 00 class 0x088000 PCIe Endpoint
[    2.533978] pci 0000:87:00.0: BAR 0 [mem 0xa4100000-0xa41fffff]
[    2.534475] pci 0000:87:00.0: PME# supported from D0 D3hot D3cold
[    2.535047] pci 0000:82:04.0: PCI bridge to [bus 87]
[    2.536114] pci 0000:88:00.0: [1000:00b2] type 00 class 0x010700 PCIe Endpoint
[    2.536346] pci 0000:88:00.0: BAR 0 [mem 0x10f066d00000-0x10f066d03fff 64bit pref]
[    2.536910] pci 0000:88:00.0: PME# supported from D0 D3hot D3cold
[    2.537570] pci 0000:82:1f.0: PCI bridge to [bus 88]
[    2.538150] pci 0000:89:00.0: [1022:1556] type 00 class 0x130000 PCIe Endpoint
[    2.538176] pci 0000:89:00.0: enabling Extended Tags
[    2.538326] pci 0000:80:07.1: PCI bridge to [bus 89]
[    2.538399] pci_bus 0000:80: on NUMA node 1
[    2.538468] ACPI: PCI Root Bridge [S1D3] (domain 0000 [bus a0-af])
[    2.538469] acpi PNP0A08:05: _OSC: OS supports [ExtendedConfig ASPM ClockPM Segments MSI EDR HPX-Type3]
[    2.538535] acpi PNP0A08:05: _OSC: platform does not support [AER LTR DPC]
[    2.538658] acpi PNP0A08:05: _OSC: OS now controls [PCIeHotplug SHPCHotplug PME PCIeCapability]
[    2.538744] PCI host bridge to bus 0000:a0
[    2.538745] pci_bus 0000:a0: root bus resource [mem 0xa2000000-0xa20fffff window]
[    2.538747] pci_bus 0000:a0: root bus resource [mem 0x1206c0200000-0x1306c01fffff window]
[    2.538749] pci_bus 0000:a0: root bus resource [bus a0-af]
[    2.538754] pci 0000:a0:00.0: [1022:153a] type 00 class 0x060000 conventional PCI endpoint
[    2.539171] pci 0000:a0:00.2: [1022:153b] type 00 class 0x080600 conventional PCI endpoint
[    2.539235] pci 0000:a0:01.0: [1022:153d] type 00 class 0x060000 conventional PCI endpoint
[    2.539279] pci 0000:a0:02.0: [1022:153d] type 00 class 0x060000 conventional PCI endpoint
[    2.540160] pci 0000:a0:03.0: [1022:153d] type 00 class 0x060000 conventional PCI endpoint
[    2.540205] pci 0000:a0:04.0: [1022:153d] type 00 class 0x060000 conventional PCI endpoint
[    2.540274] pci 0000:a0:05.0: [1022:153d] type 00 class 0x060000 conventional PCI endpoint
[    2.540318] pci 0000:a0:07.0: [1022:153d] type 00 class 0x060000 conventional PCI endpoint
[    2.540377] pci 0000:a0:07.1: [1022:1555] type 01 class 0x060400 PCIe Root Port
[    2.540391] pci 0000:a0:07.1: PCI bridge to [bus a1]
[    2.540395] pci 0000:a0:07.1:   bridge window [mem 0xa2000000-0xa20fffff]
[    2.540416] pci 0000:a0:07.1: enabling Extended Tags
[    2.540466] pci 0000:a0:07.1: PME# supported from D0 D3hot D3cold
[    2.540585] pci 0000:a1:00.0: [1022:1556] type 00 class 0x130000 PCIe Endpoint
[    2.540610] pci 0000:a1:00.0: enabling Extended Tags
[    2.540720] pci 0000:a1:00.4: [1022:1557] type 00 class 0x0c0330 PCIe Endpoint
[    2.540742] pci 0000:a1:00.4: BAR 0 [mem 0xa2000000-0xa20fffff 64bit]
[    2.540749] pci 0000:a1:00.4: enabling Extended Tags
[    2.541136] pci 0000:a1:00.4: PME# supported from D0 D3hot D3cold
[    2.541239] pci 0000:a0:07.1: PCI bridge to [bus a1]
[    2.541282] pci_bus 0000:a0: on NUMA node 1
[    2.541472] ACPI: PCI Root Bridge [S1D4] (domain 0000 [bus c0-cf])
[    2.541474] acpi PNP0A08:06: _OSC: OS supports [ExtendedConfig ASPM ClockPM Segments MSI EDR HPX-Type3]
[    2.541538] acpi PNP0A08:06: _OSC: platform does not support [AER LTR DPC]
[    2.541659] acpi PNP0A08:06: _OSC: OS now controls [PCIeHotplug SHPCHotplug PME PCIeCapability]
[    2.541730] PCI host bridge to bus 0000:c0
[    2.541732] pci_bus 0000:c0: root bus resource [io  0xa000-0xafff window]
[    2.541733] pci_bus 0000:c0: root bus resource [mem 0xf0630200000-0x1006301fffff window]
[    2.541735] pci_bus 0000:c0: root bus resource [bus c0-cf]
[    2.541740] pci 0000:c0:00.0: [1022:153a] type 00 class 0x060000 conventional PCI endpoint
[    2.542317] pci 0000:c0:01.0: [1022:153d] type 00 class 0x060000 conventional PCI endpoint
[    2.542362] pci 0000:c0:02.0: [1022:153d] type 00 class 0x060000 conventional PCI endpoint
[    2.542414] pci_bus 0000:c0: on NUMA node 1
[    2.542467] ACPI: PCI Root Bridge [S1D5] (domain 0000 [bus e0-ef])
[    2.542469] acpi ACPI0016:06: _OSC: OS supports [ExtendedConfig ASPM ClockPM Segments MSI EDR HPX-Type3]
[    2.542470] acpi ACPI0016:06: _OSC: OS supports [CXL11PortRegAccess CXL20PortDevRegAccess CXLProtocolErrorReporting CXLNativeHot]
[    2.543285] acpi ACPI0016:06: _OSC: platform does not support [AER LTR DPC]
[    2.543787] acpi ACPI0016:06: _OSC: OS now controls [PCIeHotplug SHPCHotplug PME PCIeCapability]
[    2.543788] acpi ACPI0016:06: _OSC: OS now controls [CXLMemErrorReporting]
[    2.543861] PCI host bridge to bus 0000:e0
[    2.543863] pci_bus 0000:e0: root bus resource [io  0xc000-0xcfff window]
[    2.543864] pci_bus 0000:e0: root bus resource [mem 0xa6600000-0xa66fffff window]
[    2.543865] pci_bus 0000:e0: root bus resource [mem 0xc65d0200000-0xd65d01fffff window]
[    2.543867] pci_bus 0000:e0: root bus resource [bus e0-ef]
[    2.543874] pci 0000:e0:00.0: [1022:153a] type 00 class 0x060000 conventional PCI endpoint
[    2.544312] pci 0000:e0:00.3: [1022:153c] type 00 class 0x080700 PCIe Root Complex Event Collector
[    2.544355] pci 0000:e0:00.3: enabling Extended Tags
[    2.545211] pci 0000:e0:01.0: [1022:153d] type 00 class 0x060000 conventional PCI endpoint
[    2.545277] pci 0000:e0:01.4: [1022:153e] type 01 class 0x060400 PCIe Root Port
[    2.545290] pci 0000:e0:01.4: PCI bridge to [bus e1]
[    2.545295] pci 0000:e0:01.4:   bridge window [mem 0xa6600000-0xa66fffff]
[    2.545300] pci 0000:e0:01.4:   bridge window [mem 0xd65cd000000-0xd65cfafffff 64bit pref]
[    2.545461] pci 0000:e0:01.4: PME# supported from D0 D3hot D3cold
[    2.546115] pci 0000:e0:02.0: [1022:153d] type 00 class 0x060000 conventional PCI endpoint
[    2.547165] pci 0000:e1:00.0: [8086:15ff] type 00 class 0x020000 PCIe Endpoint
[    2.547198] pci 0000:e1:00.0: BAR 0 [mem 0xd65ce000000-0xd65ceffffff 64bit pref]
[    2.547202] pci 0000:e1:00.0: BAR 3 [mem 0xd65cf808000-0xd65cf80ffff 64bit pref]
[    2.547205] pci 0000:e1:00.0: ROM [mem 0xa6680000-0xa66fffff pref]
[    2.547312] pci 0000:e1:00.0: PME# supported from D0 D3hot D3cold
[    2.547351] pci 0000:e1:00.0: VF BAR 0 [mem 0xd65cf400000-0xd65cf40ffff 64bit pref]
[    2.547352] pci 0000:e1:00.0: VF BAR 0 [mem 0xd65cf400000-0xd65cf7fffff 64bit pref]: contains BAR 0 for 64 VFs
[    2.547356] pci 0000:e1:00.0: VF BAR 3 [mem 0xd65cf910000-0xd65cf913fff 64bit pref]
[    2.547358] pci 0000:e1:00.0: VF BAR 3 [mem 0xd65cf910000-0xd65cfa0ffff 64bit pref]: contains BAR 3 for 64 VFs
[    2.547654] pci 0000:e1:00.1: [8086:15ff] type 00 class 0x020000 PCIe Endpoint
[    2.547687] pci 0000:e1:00.1: BAR 0 [mem 0xd65cd000000-0xd65cdffffff 64bit pref]
[    2.547690] pci 0000:e1:00.1: BAR 3 [mem 0xd65cf800000-0xd65cf807fff 64bit pref]
[    2.547694] pci 0000:e1:00.1: ROM [mem 0xa6600000-0xa667ffff pref]
[    2.547794] pci 0000:e1:00.1: PME# supported from D0 D3hot D3cold
[    2.547830] pci 0000:e1:00.1: VF BAR 0 [mem 0xd65cf000000-0xd65cf00ffff 64bit pref]
[    2.547831] pci 0000:e1:00.1: VF BAR 0 [mem 0xd65cf000000-0xd65cf3fffff 64bit pref]: contains BAR 0 for 64 VFs
[    2.547835] pci 0000:e1:00.1: VF BAR 3 [mem 0xd65cf810000-0xd65cf813fff 64bit pref]
[    2.547836] pci 0000:e1:00.1: VF BAR 3 [mem 0xd65cf810000-0xd65cf90ffff 64bit pref]: contains BAR 3 for 64 VFs
[    2.548174] pci 0000:e0:01.4: PCI bridge to [bus e1]
[    2.548226] pci_bus 0000:e0: on NUMA node 1
[    2.548279] ACPI: PCI Root Bridge [S1D6] (domain 0000 [bus b0-bf])
[    2.548281] acpi PNP0A08:07: _OSC: OS supports [ExtendedConfig ASPM ClockPM Segments MSI EDR HPX-Type3]
[    2.548345] acpi PNP0A08:07: _OSC: platform does not support [AER LTR DPC]
[    2.548466] acpi PNP0A08:07: _OSC: OS now controls [PCIeHotplug SHPCHotplug PME PCIeCapability]
[    2.548537] PCI host bridge to bus 0000:b0
[    2.548539] pci_bus 0000:b0: root bus resource [mem 0x1306f0200000-0x1406f01fffff window]
[    2.548540] pci_bus 0000:b0: root bus resource [bus b0-bf]
[    2.548546] pci 0000:b0:00.0: [1022:153a] type 00 class 0x060000 conventional PCI endpoint
[    2.548789] pci 0000:b0:01.0: [1022:153d] type 00 class 0x060000 conventional PCI endpoint
[    2.548834] pci 0000:b0:02.0: [1022:153d] type 00 class 0x060000 conventional PCI endpoint
[    2.548886] pci_bus 0000:b0: on NUMA node 1
[    2.548939] ACPI: PCI Root Bridge [S1D7] (domain 0000 [bus 90-9f])
[    2.548941] acpi ACPI0016:07: _OSC: OS supports [ExtendedConfig ASPM ClockPM Segments MSI EDR HPX-Type3]
[    2.548943] acpi ACPI0016:07: _OSC: OS supports [CXL11PortRegAccess CXL20PortDevRegAccess CXLProtocolErrorReporting CXLNativeHot]
[    2.549321] acpi ACPI0016:07: _OSC: platform does not support [AER LTR DPC]
[    2.549807] acpi ACPI0016:07: _OSC: OS now controls [PCIeHotplug SHPCHotplug PME PCIeCapability]
[    2.549808] acpi ACPI0016:07: _OSC: OS now controls [CXLMemErrorReporting]
[    2.549881] PCI host bridge to bus 0000:90
[    2.549882] pci_bus 0000:90: root bus resource [mem 0x110690200000-0x1206901fffff window]
[    2.549883] pci_bus 0000:90: root bus resource [bus 90-9f]
[    2.549889] pci 0000:90:00.0: [1022:153a] type 00 class 0x060000 conventional PCI endpoint
[    2.550314] pci 0000:90:00.3: [1022:153c] type 00 class 0x080700 PCIe Root Complex Event Collector
[    2.550385] pci 0000:90:00.3: enabling Extended Tags
[    2.550569] pci 0000:90:01.0: [1022:153d] type 00 class 0x060000 conventional PCI endpoint
[    2.550614] pci 0000:90:02.0: [1022:153d] type 00 class 0x060000 conventional PCI endpoint
[    2.550666] pci_bus 0000:90: on NUMA node 1
[    2.550759] ACPI: PCI: Interrupt link LNKA configured for IRQ 0
[    2.551112] ACPI: PCI: Interrupt link LNKB configured for IRQ 0
[    2.551134] ACPI: PCI: Interrupt link LNKC configured for IRQ 0
[    2.551162] ACPI: PCI: Interrupt link LNKD configured for IRQ 0
[    2.551187] ACPI: PCI: Interrupt link LNKE configured for IRQ 0
[    2.551208] ACPI: PCI: Interrupt link LNKF configured for IRQ 0
[    2.551228] ACPI: PCI: Interrupt link LNKG configured for IRQ 0
[    2.551249] ACPI: PCI: Interrupt link LNKH configured for IRQ 0
[    2.553177] acpi/hmat: Memory Flags:0001 Processor Domain:0 Memory Domain:0
[    2.553179] acpi/hmat: Memory Flags:0001 Processor Domain:1 Memory Domain:1
[    2.553212] iommu: Default domain type: Translated
[    2.553212] iommu: DMA domain TLB invalidation policy: lazy mode
[    2.556202] SCSI subsystem initialized
[    2.556224] libata version 3.00 loaded.
[    2.556224] ACPI: bus type USB registered
[    2.556224] usbcore: registered new interface driver usbfs
[    2.556224] usbcore: registered new interface driver hub
[    2.556224] usbcore: registered new device driver usb
[    2.556224] pps_core: LinuxPPS API ver. 1 registered
[    2.556224] pps_core: Software ver. 5.3.6 - Copyright 2005-2007 Rodolfo Giometti <giometti@linux.it>
[    2.556224] PTP clock support registered
[    2.556224] EDAC MC: Ver: 3.0.0
[    2.557959] efivars: Registered efivars operations
[    2.558591] NetLabel: Initializing
[    2.558593] NetLabel:  domain hash size = 128
[    2.558594] NetLabel:  protocols = UNLABELED CIPSOv4 CALIPSO
[    2.558602] NetLabel:  unlabeled traffic allowed by default
[    2.558615] mctp: management component transport protocol core
[    2.558615] NET: Registered PF_MCTP protocol family
[    2.558615] PCI: Using ACPI for IRQ routing
[    2.560886] PCI: pci_cache_line_size set to 64 bytes
[    2.561818] e820: reserve RAM buffer [mem 0x75db0000-0x77ffffff]
[    2.561819] e820: reserve RAM buffer [mem 0x75eb0000-0x77ffffff]
[    2.561820] e820: reserve RAM buffer [mem 0x834f6000-0x83ffffff]
[    2.561820] e820: reserve RAM buffer [mem 0x8563c000-0x87ffffff]
[    2.561821] e820: reserve RAM buffer [mem 0x8fffa000-0x8fffffff]
[    2.561821] e820: reserve RAM buffer [mem 0x183fccc0000-0x183ffffffff]
